Archive member included to satisfy reference by file (symbol)

c:/progra~2/gnuarm~1/102021~1.10/bin/../lib/gcc/arm-none-eabi/10.3.1/thumb/v6-m/nofp\libgcc.a(_dvmd_tls.o)
                              CMakeFiles/picoSpi.dir/C_/Users/m3925/Documents/Pico/pico-sdk/src/rp2_common/pico_divider/divider.S.obj (__aeabi_idiv0)
c:/progra~2/gnuarm~1/102021~1.10/bin/../lib/gcc/arm-none-eabi/10.3.1/../../../../arm-none-eabi/lib/thumb/v6-m/nofp\libg.a(lib_a-calloc.o)
                              CMakeFiles/picoSpi.dir/C_/Users/m3925/Documents/Pico/pico-sdk/src/rp2_common/pico_malloc/pico_malloc.c.obj (calloc)
c:/progra~2/gnuarm~1/102021~1.10/bin/../lib/gcc/arm-none-eabi/10.3.1/../../../../arm-none-eabi/lib/thumb/v6-m/nofp\libg.a(lib_a-callocr.o)
                              c:/progra~2/gnuarm~1/102021~1.10/bin/../lib/gcc/arm-none-eabi/10.3.1/../../../../arm-none-eabi/lib/thumb/v6-m/nofp\libg.a(lib_a-calloc.o) (_calloc_r)
c:/progra~2/gnuarm~1/102021~1.10/bin/../lib/gcc/arm-none-eabi/10.3.1/../../../../arm-none-eabi/lib/thumb/v6-m/nofp\libg.a(lib_a-errno.o)
                              c:/progra~2/gnuarm~1/102021~1.10/bin/../lib/gcc/arm-none-eabi/10.3.1/../../../../arm-none-eabi/lib/thumb/v6-m/nofp\libg.a(lib_a-callocr.o) (__errno)
c:/progra~2/gnuarm~1/102021~1.10/bin/../lib/gcc/arm-none-eabi/10.3.1/../../../../arm-none-eabi/lib/thumb/v6-m/nofp\libg.a(lib_a-impure.o)
                              c:/progra~2/gnuarm~1/102021~1.10/bin/../lib/gcc/arm-none-eabi/10.3.1/../../../../arm-none-eabi/lib/thumb/v6-m/nofp\libg.a(lib_a-calloc.o) (_impure_ptr)
c:/progra~2/gnuarm~1/102021~1.10/bin/../lib/gcc/arm-none-eabi/10.3.1/../../../../arm-none-eabi/lib/thumb/v6-m/nofp\libg.a(lib_a-init.o)
                              c:/progra~2/gnuarm~1/102021~1.10/bin/../lib/gcc/arm-none-eabi/10.3.1/../../../../arm-none-eabi/lib/thumb/v6-m/nofp/crt0.o (__libc_init_array)
c:/progra~2/gnuarm~1/102021~1.10/bin/../lib/gcc/arm-none-eabi/10.3.1/../../../../arm-none-eabi/lib/thumb/v6-m/nofp\libg.a(lib_a-malloc.o)
                              CMakeFiles/picoSpi.dir/C_/Users/m3925/Documents/Pico/pico-sdk/src/rp2_common/pico_malloc/pico_malloc.c.obj (malloc)
c:/progra~2/gnuarm~1/102021~1.10/bin/../lib/gcc/arm-none-eabi/10.3.1/../../../../arm-none-eabi/lib/thumb/v6-m/nofp\libg.a(lib_a-mallocr.o)
                              c:/progra~2/gnuarm~1/102021~1.10/bin/../lib/gcc/arm-none-eabi/10.3.1/../../../../arm-none-eabi/lib/thumb/v6-m/nofp\libg.a(lib_a-callocr.o) (_malloc_r)
c:/progra~2/gnuarm~1/102021~1.10/bin/../lib/gcc/arm-none-eabi/10.3.1/../../../../arm-none-eabi/lib/thumb/v6-m/nofp\libg.a(lib_a-mlock.o)
                              c:/progra~2/gnuarm~1/102021~1.10/bin/../lib/gcc/arm-none-eabi/10.3.1/../../../../arm-none-eabi/lib/thumb/v6-m/nofp\libg.a(lib_a-mallocr.o) (__malloc_lock)
c:/progra~2/gnuarm~1/102021~1.10/bin/../lib/gcc/arm-none-eabi/10.3.1/../../../../arm-none-eabi/lib/thumb/v6-m/nofp\libg.a(lib_a-realloc.o)
                              CMakeFiles/picoSpi.dir/C_/Users/m3925/Documents/Pico/pico-sdk/src/rp2_common/pico_malloc/pico_malloc.c.obj (realloc)
c:/progra~2/gnuarm~1/102021~1.10/bin/../lib/gcc/arm-none-eabi/10.3.1/../../../../arm-none-eabi/lib/thumb/v6-m/nofp\libg.a(lib_a-reallocr.o)
                              c:/progra~2/gnuarm~1/102021~1.10/bin/../lib/gcc/arm-none-eabi/10.3.1/../../../../arm-none-eabi/lib/thumb/v6-m/nofp\libg.a(lib_a-realloc.o) (_realloc_r)
c:/progra~2/gnuarm~1/102021~1.10/bin/../lib/gcc/arm-none-eabi/10.3.1/../../../../arm-none-eabi/lib/thumb/v6-m/nofp\libg.a(lib_a-sbrkr.o)
                              c:/progra~2/gnuarm~1/102021~1.10/bin/../lib/gcc/arm-none-eabi/10.3.1/../../../../arm-none-eabi/lib/thumb/v6-m/nofp\libg.a(lib_a-mallocr.o) (_sbrk_r)
c:/progra~2/gnuarm~1/102021~1.10/bin/../lib/gcc/arm-none-eabi/10.3.1/../../../../arm-none-eabi/lib/thumb/v6-m/nofp\libg.a(lib_a-strlen-stub.o)
                              CMakeFiles/picoSpi.dir/C_/Users/m3925/Documents/Pico/pico-sdk/src/rp2_common/pico_stdio/stdio.c.obj (strlen)
c:/progra~2/gnuarm~1/102021~1.10/bin/../lib/gcc/arm-none-eabi/10.3.1/../../../../arm-none-eabi/lib/thumb/v6-m/nofp\libg.a(lib_a-freer.o)
                              c:/progra~2/gnuarm~1/102021~1.10/bin/../lib/gcc/arm-none-eabi/10.3.1/../../../../arm-none-eabi/lib/thumb/v6-m/nofp\libg.a(lib_a-malloc.o) (_free_r)
c:/progra~2/gnuarm~1/102021~1.10/bin/../lib/gcc/arm-none-eabi/10.3.1/../../../../arm-none-eabi/lib/thumb/v6-m/nofp\libg.a(lib_a-lock.o)
                              c:/progra~2/gnuarm~1/102021~1.10/bin/../lib/gcc/arm-none-eabi/10.3.1/../../../../arm-none-eabi/lib/thumb/v6-m/nofp\libg.a(lib_a-mlock.o) (__retarget_lock_acquire_recursive)
c:/progra~2/gnuarm~1/102021~1.10/bin/../lib/gcc/arm-none-eabi/10.3.1/../../../../arm-none-eabi/lib/thumb/v6-m/nofp\libg.a(lib_a-memmove.o)
[...]
Memory Configuration

Name             Origin             Length             Attributes
FLASH            0x10000000         0x00200000         xr
RAM              0x20000000         0x00040000         xrw
SCRATCH_X        0x20040000         0x00001000         xrw
SCRATCH_Y        0x20041000         0x00001000         xrw
*default*        0x00000000         0xffffffff

Linker script and memory map

LOAD c:/progra~2/gnuarm~1/102021~1.10/bin/../lib/gcc/arm-none-eabi/10.3.1/thumb/v6-m/nofp/crti.o
LOAD c:/progra~2/gnuarm~1/102021~1.10/bin/../lib/gcc/arm-none-eabi/10.3.1/thumb/v6-m/nofp/crtbegin.o
LOAD c:/progra~2/gnuarm~1/102021~1.10/bin/../lib/gcc/arm-none-eabi/10.3.1/../../../../arm-none-eabi/lib/thumb/v6-m/nofp/crt0.o

.flash_begin    0x10000000        0x0
                0x10000000                __flash_binary_start = .

.boot2          0x10000000      0x100
                0x10000000                __boot2_start__ = .
 *(.boot2)
 .boot2         0x10000000      0x100 C:\Users\m3925\AppData\Local\Temp\ccWZN6pX.o
                0x10000100                __boot2_end__ = .
                0x00000001                ASSERT (((__boot2_end__ - __boot2_start__) == 0x100), ERROR: Pico second stage bootloader must be 256 bytes in size)

.text           0x10000100     0x4550
                0x10000100                __logical_binary_start = .
 *(.vectors)
 .vectors       0x10000100       0xd4 CMakeFiles/picoSpi.dir/C_/Users/m3925/Documents/Pico/pico-sdk/src/rp2_common/pico_standard_link/crt0.S.obj
                0x10000100                __VECTOR_TABLE
                0x10000100                __vectors
                0x100001c0                isr_invalid
                0x100001c0                __default_isrs_start
                0x100001c2                isr_nmi
                0x100001c4                isr_hardfault
                0x100001c6                isr_svcall
                0x100001c8                isr_pendsv
                0x100001ca                isr_systick
                0x100001cc                isr_irq23
                0x100001cc                isr_irq18
                0x100001cc                isr_irq11
                0x100001cc                isr_irq28
                0x100001cc                isr_irq19
                0x100001cc                isr_irq0
                0x100001cc                isr_irq6
                0x100001cc                isr_irq5
                0x100001cc                isr_irq12
                0x100001cc                isr_irq22
                0x100001cc                isr_irq31
                0x100001cc                isr_irq17
                0x100001cc                isr_irq27
                0x100001cc                isr_irq30
                0x100001cc                isr_irq2
                0x100001cc                isr_irq10
                0x100001cc                isr_irq8
                0x100001cc                isr_irq24
                0x100001cc                isr_irq1
                0x100001cc                isr_irq7
                0x100001cc                isr_irq21
                0x100001cc                isr_irq20
                0x100001cc                isr_irq15
                0x100001cc                isr_irq25
                0x100001cc                isr_irq13
                0x100001cc                __unhandled_user_irq
                0x100001cc                isr_irq4
                0x100001cc                isr_irq16
                0x100001cc                isr_irq29
                0x100001cc                isr_irq26
                0x100001cc                __default_isrs_end
                0x100001cc                isr_irq3
                0x100001cc                isr_irq14
                0x100001cc                isr_irq9
                0x100001d2                unhandled_user_irq_num_in_r0
 *(.binary_info_header)
 .binary_info_header
                0x100001d4       0x14 CMakeFiles/picoSpi.dir/C_/Users/m3925/Documents/Pico/pico-sdk/src/rp2_common/pico_standard_link/crt0.S.obj
                0x100001e8                __binary_info_header_end = .
 *(.reset)
 .reset         0x100001e8       0xa8 CMakeFiles/picoSpi.dir/C_/Users/m3925/Documents/Pico/pico-sdk/src/rp2_common/pico_standard_link/crt0.S.obj
                0x100001e8                _entry_point
                0x10000266                __get_current_exception
 .reset         0x10000290       0x30 CMakeFiles/picoSpi.dir/C_/Users/m3925/Documents/Pico/pico-sdk/src/rp2_common/pico_standard_link/binary_info.c.obj
 *(.init)
 .init          0x100002c0        0x4 c:/progra~2/gnuarm~1/102021~1.10/bin/../lib/gcc/arm-none-eabi/10.3.1/thumb/v6-m/nofp/crti.o
                0x100002c0                _init
 *(EXCLUDE_FILE(*libm.a: *libc.a:*lib_a-mem*.o *libgcc.a:) .text*)
 .text          0x100002c4       0x48 c:/progra~2/gnuarm~1/102021~1.10/bin/../lib/gcc/arm-none-eabi/10.3.1/thumb/v6-m/nofp/crtbegin.o
 .text.main     0x1000030c      0x108 CMakeFiles/picoSpi.dir/picoSpi.c.obj
                0x1000030c                main
 .text.LPS25HB_write
                0x10000414       0x44 CMakeFiles/picoSpi.dir/LPS25HB.c.obj
                0x10000414                LPS25HB_write
 .text.LPS25HB_read
                0x10000458       0x48 CMakeFiles/picoSpi.dir/LPS25HB.c.obj
                0x10000458                LPS25HB_read
 .text.LPS25HB_init
                0x100004a0       0x72 CMakeFiles/picoSpi.dir/LPS25HB.c.obj
                0x100004a0                LPS25HB_init
 *fill*         0x10000512        0x2 
 .text.gpio_set_function
                0x10000514       0x30 CMakeFiles/picoSpi.dir/C_/Users/m3925/Documents/Pico/pico-sdk/src/rp2_common/hardware_gpio/gpio.c.obj
                0x10000514                gpio_set_function
 .text.hw_claim_lock
                0x10000544       0x18 CMakeFiles/picoSpi.dir/C_/Users/m3925/Documents/Pico/pico-sdk/src/rp2_common/hardware_claim/claim.c.obj
                0x10000544                hw_claim_lock
 .text.hw_claim_unlock
                0x1000055c       0x14 CMakeFiles/picoSpi.dir/C_/Users/m3925/Documents/Pico/pico-sdk/src/rp2_common/hardware_claim/claim.c.obj
                0x1000055c                hw_claim_unlock
 .text.hw_claim_or_assert
                0x10000570       0x32 CMakeFiles/picoSpi.dir/C_/Users/m3925/Documents/Pico/pico-sdk/src/rp2_common/hardware_claim/claim.c.obj
                0x10000570                hw_claim_or_assert
 *fill*         0x100005a2        0x2 
 .text.running_on_fpga
                0x100005a4       0x14 CMakeFiles/picoSpi.dir/C_/Users/m3925/Documents/Pico/pico-sdk/src/rp2_common/pico_platform/platform.c.obj
                0x100005a4                running_on_fpga
 .text.spin_locks_reset
                0x100005b8       0x20 CMakeFiles/picoSpi.dir/C_/Users/m3925/Documents/Pico/pico-sdk/src/rp2_common/hardware_sync/sync.c.obj
                0x100005b8                spin_locks_reset
 .text.next_striped_spin_lock_num
                0x100005d8       0x1c CMakeFiles/picoSpi.dir/C_/Users/m3925/Documents/Pico/pico-sdk/src/rp2_common/hardware_sync/sync.c.obj
                0x100005d8                next_striped_spin_lock_num
 .text.set_raw_irq_handler_and_unlock
                0x100005f4       0x28 CMakeFiles/picoSpi.dir/C_/Users/m3925/Documents/Pico/pico-sdk/src/rp2_common/hardware_irq/irq.c.obj
 .text.make_branch
                0x1000061c       0x48 CMakeFiles/picoSpi.dir/C_/Users/m3925/Documents/Pico/pico-sdk/src/rp2_common/hardware_irq/irq.c.obj
 .text.insert_branch_and_link
                0x10000664       0x40 CMakeFiles/picoSpi.dir/C_/Users/m3925/Documents/Pico/pico-sdk/src/rp2_common/hardware_irq/irq.c.obj
 .text.irq_is_enabled
                0x100006a4       0x18 CMakeFiles/picoSpi.dir/C_/Users/m3925/Documents/Pico/pico-sdk/src/rp2_common/hardware_irq/irq.c.obj
                0x100006a4                irq_is_enabled
 .text.irq_set_mask_enabled
                0x100006bc       0x20 CMakeFiles/picoSpi.dir/C_/Users/m3925/Documents/Pico/pico-sdk/src/rp2_common/hardware_irq/irq.c.obj
                0x100006bc                irq_set_mask_enabled
 .text.irq_set_enabled
                0x100006dc        0xe CMakeFiles/picoSpi.dir/C_/Users/m3925/Documents/Pico/pico-sdk/src/rp2_common/hardware_irq/irq.c.obj
                0x100006dc                irq_set_enabled
 *fill*         0x100006ea        0x2 
 .text.irq_get_vtable_handler
                0x100006ec       0x10 CMakeFiles/picoSpi.dir/C_/Users/m3925/Documents/Pico/pico-sdk/src/rp2_common/hardware_irq/irq.c.obj
                0x100006ec                irq_get_vtable_handler
 .text.irq_set_exclusive_handler
                0x100006fc       0x54 CMakeFiles/picoSpi.dir/C_/Users/m3925/Documents/Pico/pico-sdk/src/rp2_common/hardware_irq/irq.c.obj
                0x100006fc                irq_set_exclusive_handler
 .text.irq_remove_handler
                0x10000750      0x1a8 CMakeFiles/picoSpi.dir/C_/Users/m3925/Documents/Pico/pico-sdk/src/rp2_common/hardware_irq/irq.c.obj
                0x10000750                irq_remove_handler
 .text.irq_add_tail_to_free_list
                0x100008f8       0xf0 CMakeFiles/picoSpi.dir/C_/Users/m3925/Documents/Pico/pico-sdk/src/rp2_common/hardware_irq/irq.c.obj
                0x100008f8                irq_add_tail_to_free_list
 .text.irq_init_priorities
                0x100009e8       0x1c CMakeFiles/picoSpi.dir/C_/Users/m3925/Documents/Pico/pico-sdk/src/rp2_common/hardware_irq/irq.c.obj
                0x100009e8                irq_init_priorities
 .text.lock_init
                0x10000a04       0x10 CMakeFiles/picoSpi.dir/C_/Users/m3925/Documents/Pico/pico-sdk/src/common/pico_sync/lock_core.c.obj
                0x10000a04                lock_init
 .text.alarm_pool_post_alloc_init
                0x10000a14       0x40 CMakeFiles/picoSpi.dir/C_/Users/m3925/Documents/Pico/pico-sdk/src/common/pico_time/time.c.obj
 .text.sleep_until_callback
                0x10000a54       0x30 CMakeFiles/picoSpi.dir/C_/Users/m3925/Documents/Pico/pico-sdk/src/common/pico_time/time.c.obj
 .text.timer_pool_entry_comparator
                0x10000a84       0x7c CMakeFiles/picoSpi.dir/C_/Users/m3925/Documents/Pico/pico-sdk/src/common/pico_time/time.c.obj
                0x10000a84                timer_pool_entry_comparator
 .text.ph_add_child_node
                0x10000b00       0xa4 CMakeFiles/picoSpi.dir/C_/Users/m3925/Documents/Pico/pico-sdk/src/common/pico_time/time.c.obj
 .text.ph_merge_nodes
                0x10000ba4       0x3e CMakeFiles/picoSpi.dir/C_/Users/m3925/Documents/Pico/pico-sdk/src/common/pico_time/time.c.obj
 *fill*         0x10000be2        0x2 
 .text.add_alarm_under_lock
                0x10000be4      0x174 CMakeFiles/picoSpi.dir/C_/Users/m3925/Documents/Pico/pico-sdk/src/common/pico_time/time.c.obj
 .text.alarm_pool_alarm_callback
                0x10000d58      0x328 CMakeFiles/picoSpi.dir/C_/Users/m3925/Documents/Pico/pico-sdk/src/common/pico_time/time.c.obj
 .text.alarm_pool_init_default
                0x10001080       0x38 CMakeFiles/picoSpi.dir/C_/Users/m3925/Documents/Pico/pico-sdk/src/common/pico_time/time.c.obj
                0x10001080                alarm_pool_init_default
 .text.alarm_pool_get_default
                0x100010b8       0x2c CMakeFiles/picoSpi.dir/C_/Users/m3925/Documents/Pico/pico-sdk/src/common/pico_time/time.c.obj
                0x100010b8                alarm_pool_get_default
 .text.alarm_pool_add_alarm_at
                0x100010e4      0x170 CMakeFiles/picoSpi.dir/C_/Users/m3925/Documents/Pico/pico-sdk/src/common/pico_time/time.c.obj
                0x100010e4                alarm_pool_add_alarm_at
 .text.sleep_until
                0x10001254       0xfc CMakeFiles/picoSpi.dir/C_/Users/m3925/Documents/Pico/pico-sdk/src/common/pico_time/time.c.obj
                0x10001254                sleep_until
 .text.sleep_us
                0x10001350       0x58 CMakeFiles/picoSpi.dir/C_/Users/m3925/Documents/Pico/pico-sdk/src/common/pico_time/time.c.obj
                0x10001350                sleep_us
 .text.sleep_ms
                0x100013a8       0x14 CMakeFiles/picoSpi.dir/C_/Users/m3925/Documents/Pico/pico-sdk/src/common/pico_time/time.c.obj
                0x100013a8                sleep_ms
 .text.hardware_alarm_irq_handler
                0x100013bc       0x8c CMakeFiles/picoSpi.dir/C_/Users/m3925/Documents/Pico/pico-sdk/src/rp2_common/hardware_timer/timer.c.obj
 .text.hardware_alarm_claim
                0x10001448       0x18 CMakeFiles/picoSpi.dir/C_/Users/m3925/Documents/Pico/pico-sdk/src/rp2_common/hardware_timer/timer.c.obj
                0x10001448                hardware_alarm_claim
 .text.time_us_64
                0x10001460       0x18 CMakeFiles/picoSpi.dir/C_/Users/m3925/Documents/Pico/pico-sdk/src/rp2_common/hardware_timer/timer.c.obj
                0x10001460                time_us_64
 .text.busy_wait_until
                0x10001478       0x28 CMakeFiles/picoSpi.dir/C_/Users/m3925/Documents/Pico/pico-sdk/src/rp2_common/hardware_timer/timer.c.obj
                0x10001478                busy_wait_until
 .text.hardware_alarm_set_callback
                0x100014a0       0x90 CMakeFiles/picoSpi.dir/C_/Users/m3925/Documents/Pico/pico-sdk/src/rp2_common/hardware_timer/timer.c.obj
                0x100014a0                hardware_alarm_set_callback
 .text.hardware_alarm_set_target
                0x10001530       0xe8 CMakeFiles/picoSpi.dir/C_/Users/m3925/Documents/Pico/pico-sdk/src/rp2_common/hardware_timer/timer.c.obj
                0x10001530                hardware_alarm_set_target
 .text.hardware_alarm_cancel
                0x10001618       0x40 CMakeFiles/picoSpi.dir/C_/Users/m3925/Documents/Pico/pico-sdk/src/rp2_common/hardware_timer/timer.c.obj
                0x10001618                hardware_alarm_cancel
 .text.ph_add_child_node
                0x10001658       0xa4 CMakeFiles/picoSpi.dir/C_/Users/m3925/Documents/Pico/pico-sdk/src/common/pico_util/pheap.c.obj
 .text.ph_merge_nodes
                0x100016fc       0x3e CMakeFiles/picoSpi.dir/C_/Users/m3925/Documents/Pico/pico-sdk/src/common/pico_util/pheap.c.obj
 *fill*         0x1000173a        0x2 
 .text.ph_clear
                0x1000173c       0x70 CMakeFiles/picoSpi.dir/C_/Users/m3925/Documents/Pico/pico-sdk/src/common/pico_util/pheap.c.obj
                0x1000173c                ph_clear
 .text.ph_post_alloc_init
                0x100017ac        0xe CMakeFiles/picoSpi.dir/C_/Users/m3925/Documents/Pico/pico-sdk/src/common/pico_util/pheap.c.obj
                0x100017ac                ph_post_alloc_init
 *fill*         0x100017ba        0x2 
 .text.ph_merge_two_pass
                0x100017bc       0xa8 CMakeFiles/picoSpi.dir/C_/Users/m3925/Documents/Pico/pico-sdk/src/common/pico_util/pheap.c.obj
                0x100017bc                ph_merge_two_pass
 .text.ph_remove_any_head
                0x10001864      0x108 CMakeFiles/picoSpi.dir/C_/Users/m3925/Documents/Pico/pico-sdk/src/common/pico_util/pheap.c.obj
 .text.ph_remove_head
                0x1000196c       0x14 CMakeFiles/picoSpi.dir/C_/Users/m3925/Documents/Pico/pico-sdk/src/common/pico_util/pheap.c.obj
                0x1000196c                ph_remove_head
 .text.ph_remove_and_free_node
                0x10001980       0xf8 CMakeFiles/picoSpi.dir/C_/Users/m3925/Documents/Pico/pico-sdk/src/common/pico_util/pheap.c.obj
                0x10001980                ph_remove_and_free_node
 .text.mutex_init
                0x10001a78       0x1a CMakeFiles/picoSpi.dir/C_/Users/m3925/Documents/Pico/pico-sdk/src/common/pico_sync/mutex.c.obj
                0x10001a78                mutex_init
 .text.recursive_mutex_init
                0x10001a92       0x1e CMakeFiles/picoSpi.dir/C_/Users/m3925/Documents/Pico/pico-sdk/src/common/pico_sync/mutex.c.obj
                0x10001a92                recursive_mutex_init
 .text.uart_set_baudrate
                0x10001ab0       0x5c CMakeFiles/picoSpi.dir/C_/Users/m3925/Documents/Pico/pico-sdk/src/rp2_common/hardware_uart/uart.c.obj
                0x10001ab0                uart_set_baudrate
 .text.uart_set_translate_crlf
                0x10001b0c       0x28 CMakeFiles/picoSpi.dir/C_/Users/m3925/Documents/Pico/pico-sdk/src/rp2_common/hardware_uart/uart.c.obj
                0x10001b0c                uart_set_translate_crlf
 .text.uart_init
                0x10001b34       0x80 CMakeFiles/picoSpi.dir/C_/Users/m3925/Documents/Pico/pico-sdk/src/rp2_common/hardware_uart/uart.c.obj
                0x10001b34                uart_init
 .text._exit    0x10001bb4        0x4 CMakeFiles/picoSpi.dir/C_/Users/m3925/Documents/Pico/pico-sdk/src/rp2_common/pico_runtime/runtime.c.obj
                0x10001bb4                _exit
 .text.exit     0x10001bb8        0x6 CMakeFiles/picoSpi.dir/C_/Users/m3925/Documents/Pico/pico-sdk/src/rp2_common/pico_runtime/runtime.c.obj
                0x10001bb8                exit
 *fill*         0x10001bbe        0x2 
 .text.__assert_func
                0x10001bc0       0x3c CMakeFiles/picoSpi.dir/C_/Users/m3925/Documents/Pico/pico-sdk/src/rp2_common/pico_runtime/runtime.c.obj
                0x10001bc0                __assert_func
 .text.runtime_init
                0x10001bfc       0xf8 CMakeFiles/picoSpi.dir/C_/Users/m3925/Documents/Pico/pico-sdk/src/rp2_common/pico_runtime/runtime.c.obj
                0x10001bfc                runtime_init
 .text.panic    0x10001cf4       0x30 CMakeFiles/picoSpi.dir/C_/Users/m3925/Documents/Pico/pico-sdk/src/rp2_common/pico_runtime/runtime.c.obj
                0x10001cf4                panic
 .text.clock_configure
                0x10001d24      0x104 CMakeFiles/picoSpi.dir/C_/Users/m3925/Documents/Pico/pico-sdk/src/rp2_common/hardware_clocks/clocks.c.obj
                0x10001d24                clock_configure
 .text.clocks_init
                0x10001e28      0x100 CMakeFiles/picoSpi.dir/C_/Users/m3925/Documents/Pico/pico-sdk/src/rp2_common/hardware_clocks/clocks.c.obj
                0x10001e28                clocks_init
 .text.clock_get_hz
                0x10001f28        0xc CMakeFiles/picoSpi.dir/C_/Users/m3925/Documents/Pico/pico-sdk/src/rp2_common/hardware_clocks/clocks.c.obj
                0x10001f28                clock_get_hz
 .text.pll_init
                0x10001f34      0x140 CMakeFiles/picoSpi.dir/C_/Users/m3925/Documents/Pico/pico-sdk/src/rp2_common/hardware_pll/pll.c.obj
                0x10001f34                pll_init
 .text.watchdog_start_tick
                0x10002074       0x10 CMakeFiles/picoSpi.dir/C_/Users/m3925/Documents/Pico/pico-sdk/src/rp2_common/hardware_watchdog/watchdog.c.obj
                0x10002074                watchdog_start_tick
 .text.xosc_init
                0x10002084       0x28 CMakeFiles/picoSpi.dir/C_/Users/m3925/Documents/Pico/pico-sdk/src/rp2_common/hardware_xosc/xosc.c.obj
                0x10002084                xosc_init
 .text._out_null
                0x100020ac        0x2 CMakeFiles/picoSpi.dir/C_/Users/m3925/Documents/Pico/pico-sdk/src/rp2_common/pico_printf/printf.c.obj
 .text._out_fct
                0x100020ae        0xe CMakeFiles/picoSpi.dir/C_/Users/m3925/Documents/Pico/pico-sdk/src/rp2_common/pico_printf/printf.c.obj
 .text._atoi    0x100020bc       0x24 CMakeFiles/picoSpi.dir/C_/Users/m3925/Documents/Pico/pico-sdk/src/rp2_common/pico_printf/printf.c.obj
 .text._out_rev
                0x100020e0       0xae CMakeFiles/picoSpi.dir/C_/Users/m3925/Documents/Pico/pico-sdk/src/rp2_common/pico_printf/printf.c.obj
 .text._ntoa_format
                0x1000218e      0x112 CMakeFiles/picoSpi.dir/C_/Users/m3925/Documents/Pico/pico-sdk/src/rp2_common/pico_printf/printf.c.obj
 .text._ntoa_long
                0x100022a0       0xbc CMakeFiles/picoSpi.dir/C_/Users/m3925/Documents/Pico/pico-sdk/src/rp2_common/pico_printf/printf.c.obj
 .text._ntoa_long_long
                0x1000235c       0xe2 CMakeFiles/picoSpi.dir/C_/Users/m3925/Documents/Pico/pico-sdk/src/rp2_common/pico_printf/printf.c.obj
 *fill*         0x1000243e        0x2 
 .text._etoa    0x10002440      0x414 CMakeFiles/picoSpi.dir/C_/Users/m3925/Documents/Pico/pico-sdk/src/rp2_common/pico_printf/printf.c.obj
 .text._ftoa    0x10002854      0x354 CMakeFiles/picoSpi.dir/C_/Users/m3925/Documents/Pico/pico-sdk/src/rp2_common/pico_printf/printf.c.obj
 .text._vsnprintf
                0x10002ba8      0x624 CMakeFiles/picoSpi.dir/C_/Users/m3925/Documents/Pico/pico-sdk/src/rp2_common/pico_printf/printf.c.obj
 .text.vfctprintf
                0x100031cc       0x20 CMakeFiles/picoSpi.dir/C_/Users/m3925/Documents/Pico/pico-sdk/src/rp2_common/pico_printf/printf.c.obj
                0x100031cc                vfctprintf
 .text          0x100031ec       0x10 CMakeFiles/picoSpi.dir/C_/Users/m3925/Documents/Pico/pico-sdk/src/rp2_common/pico_bit_ops/bit_ops_aeabi.S.obj
 .text.rom_func_lookup
                0x100031fc       0x10 CMakeFiles/picoSpi.dir/C_/Users/m3925/Documents/Pico/pico-sdk/src/rp2_common/pico_bootrom/bootrom.c.obj
                0x100031fc                rom_func_lookup
 .text.rom_data_lookup
                0x1000320c       0x10 CMakeFiles/picoSpi.dir/C_/Users/m3925/Documents/Pico/pico-sdk/src/rp2_common/pico_bootrom/bootrom.c.obj
                0x1000320c                rom_data_lookup
 .text.rom_funcs_lookup
                0x1000321c       0x36 CMakeFiles/picoSpi.dir/C_/Users/m3925/Documents/Pico/pico-sdk/src/rp2_common/pico_bootrom/bootrom.c.obj
                0x1000321c                rom_funcs_lookup
 *fill*         0x10003252        0x2 
 .text.__wrap___aeabi_idiv
                0x10003254       0x50 CMakeFiles/picoSpi.dir/C_/Users/m3925/Documents/Pico/pico-sdk/src/rp2_common/pico_divider/divider.S.obj
                0x10003254                __wrap___aeabi_idivmod
                0x10003254                divmod_s32s32
                0x10003254                div_s32s32
                0x10003254                __wrap___aeabi_idiv
                0x1000325c                divmod_s32s32_unsafe
                0x10003288                divmod_s32s32_savestate
 .text.__wrap___aeabi_uidiv
                0x100032a4       0x4c CMakeFiles/picoSpi.dir/C_/Users/m3925/Documents/Pico/pico-sdk/src/rp2_common/pico_divider/divider.S.obj
                0x100032a4                __wrap___aeabi_uidiv
                0x100032a4                __wrap___aeabi_uidivmod
                0x100032a4                div_u32u32
                0x100032a4                divmod_u32u32
                0x100032ac                divmod_u32u32_unsafe
                0x100032d4                divmod_u32u32_savestate
 .text.__wrap___aeabi_ldiv
                0x100032f0      0x434 CMakeFiles/picoSpi.dir/C_/Users/m3925/Documents/Pico/pico-sdk/src/rp2_common/pico_divider/divider.S.obj
                0x100032f0                div_s64s64
                0x100032f0                divmod_s64s64
                0x100032f0                __wrap___aeabi_ldivmod
                0x10003328                divmod_u64u64
                0x10003328                div_u64u64
                0x10003328                __wrap___aeabi_uldivmod
                0x10003338                divmod_u64u64_savestate
                0x10003360                divmod_s64s64_unsafe
                0x100033e8                divmod_u64u64_unsafe
 .text.__wrap___aeabi_darithmetic
                0x10003724       0x80 CMakeFiles/picoSpi.dir/C_/Users/m3925/Documents/Pico/pico-sdk/src/rp2_common/pico_double/double_aeabi.S.obj
                0x10003724                __wrap___aeabi_drsub
                0x1000372a                __wrap___aeabi_dsub
                0x1000373c                __wrap___aeabi_dadd
                0x1000374e                __wrap___aeabi_ddiv
                0x1000378a                __wrap___aeabi_dmul
 .text.__wrap___aeabi_cdcmple
                0x100037a4       0x6c CMakeFiles/picoSpi.dir/C_/Users/m3925/Documents/Pico/pico-sdk/src/rp2_common/pico_double/double_aeabi.S.obj
                0x100037a4                __wrap___aeabi_cdrcmple
                0x100037b4                __wrap___aeabi_cdcmpeq
                0x100037b4                __wrap___aeabi_cdcmple
 .text.__wrap___aeabi_dcmplt
                0x10003810        0xc CMakeFiles/picoSpi.dir/C_/Users/m3925/Documents/Pico/pico-sdk/src/rp2_common/pico_double/double_aeabi.S.obj
                0x10003810                __wrap___aeabi_dcmplt
 .text.__wrap___aeabi_dcmple
                0x1000381c       0x10 CMakeFiles/picoSpi.dir/C_/Users/m3925/Documents/Pico/pico-sdk/src/rp2_common/pico_double/double_aeabi.S.obj
                0x1000381c                __wrap___aeabi_dcmple
 .text.__wrap___aeabi_dcmpge
                0x1000382c       0x10 CMakeFiles/picoSpi.dir/C_/Users/m3925/Documents/Pico/pico-sdk/src/rp2_common/pico_double/double_aeabi.S.obj
                0x1000382c                __wrap___aeabi_dcmpge
 .text.__wrap___aeabi_dcmpgt
                0x1000383c        0xa CMakeFiles/picoSpi.dir/C_/Users/m3925/Documents/Pico/pico-sdk/src/rp2_common/pico_double/double_aeabi.S.obj
                0x1000383c                __wrap___aeabi_dcmpgt
 .text.__wrap___aeabi_dcmpun
                0x10003846       0x1c CMakeFiles/picoSpi.dir/C_/Users/m3925/Documents/Pico/pico-sdk/src/rp2_common/pico_double/double_aeabi.S.obj
                0x10003846                __wrap___aeabi_dcmpun
 *fill*         0x10003862        0x2 
 .text.__wrap___aeabi_i2d
                0x10003864       0x38 CMakeFiles/picoSpi.dir/C_/Users/m3925/Documents/Pico/pico-sdk/src/rp2_common/pico_double/double_aeabi.S.obj
                0x10003864                __wrap___aeabi_ui2d
                0x1000386c                __wrap___aeabi_i2d
 .text.__wrap___aeabi_d2iz
                0x1000389c       0x48 CMakeFiles/picoSpi.dir/C_/Users/m3925/Documents/Pico/pico-sdk/src/rp2_common/pico_double/double_aeabi.S.obj
                0x1000389c                double2int_z
                0x1000389c                __wrap___aeabi_d2iz
 .text.__wrap___aeabi_d2uiz
                0x100038e4       0x18 CMakeFiles/picoSpi.dir/C_/Users/m3925/Documents/Pico/pico-sdk/src/rp2_common/pico_double/double_aeabi.S.obj
                0x100038e4                __wrap___aeabi_d2uiz
                0x100038e4                double2uint
 .text.__aeabi_double_init
                0x100038fc       0xc8 CMakeFiles/picoSpi.dir/C_/Users/m3925/Documents/Pico/pico-sdk/src/rp2_common/pico_double/double_init_rom.c.obj
                0x100038fc                __aeabi_double_init
 .text.double_table_shim_on_use_helper
                0x100039c4       0x34 CMakeFiles/picoSpi.dir/C_/Users/m3925/Documents/Pico/pico-sdk/src/rp2_common/pico_double/double_v1_rom_shim.S.obj
                0x100039c4                double_table_shim_on_use_helper
 .text.__wrap___aeabi_dsub
                0x100039f8       0x10 CMakeFiles/picoSpi.dir/C_/Users/m3925/Documents/Pico/pico-sdk/src/rp2_common/pico_double/double_v1_rom_shim.S.obj
                0x100039f8                drsub_shim
                0x100039fe                dsub_shim
 .text.dadd_shim
                0x10003a08      0x15c CMakeFiles/picoSpi.dir/C_/Users/m3925/Documents/Pico/pico-sdk/src/rp2_common/pico_double/double_v1_rom_shim.S.obj
                0x10003a08                dadd_shim
 .text.dmul_shim
                0x10003b64      0x15c CMakeFiles/picoSpi.dir/C_/Users/m3925/Documents/Pico/pico-sdk/src/rp2_common/pico_double/double_v1_rom_shim.S.obj
                0x10003b64                dmul_shim
 .text.ddiv_shim
                0x10003cc0      0x1b0 CMakeFiles/picoSpi.dir/C_/Users/m3925/Documents/Pico/pico-sdk/src/rp2_common/pico_double/double_v1_rom_shim.S.obj
                0x10003cc0                ddiv_shim
 .text.double2uint_shim
                0x10003e70        0xe CMakeFiles/picoSpi.dir/C_/Users/m3925/Documents/Pico/pico-sdk/src/rp2_common/pico_double/double_v1_rom_shim.S.obj
                0x10003e70                double2uint_shim
                0x10003e72                double2ufix_shim
 *fill*         0x10003e7e        0x2 
 .text.double2uint64_shim
                0x10003e80       0x70 CMakeFiles/picoSpi.dir/C_/Users/m3925/Documents/Pico/pico-sdk/src/rp2_common/pico_double/double_v1_rom_shim.S.obj
                0x10003e80                double2uint64_shim
                0x10003e82                double2ufix64_shim
                0x10003ea2                d2fix_a
 .text.dunpacks
                0x10003ef0       0x3c CMakeFiles/picoSpi.dir/C_/Users/m3925/Documents/Pico/pico-sdk/src/rp2_common/pico_double/double_v1_rom_shim.S.obj
                0x10003ef0                dunpacks
 .text.__aeabi_lmul
                0x10003f2c       0x32 CMakeFiles/picoSpi.dir/C_/Users/m3925/Documents/Pico/pico-sdk/src/rp2_common/pico_int64_ops/pico_int64_ops_aeabi.S.obj
                0x10003f2c                __wrap___aeabi_lmul
 *fill*         0x10003f5e        0x2 
 .text.__aeabi_float_init
                0x10003f60       0xfc CMakeFiles/picoSpi.dir/C_/Users/m3925/Documents/Pico/pico-sdk/src/rp2_common/pico_float/float_init_rom.c.obj
                0x10003f60                __aeabi_float_init
 .text.float_table_shim_on_use_helper
                0x1000405c       0x34 CMakeFiles/picoSpi.dir/C_/Users/m3925/Documents/Pico/pico-sdk/src/rp2_common/pico_float/float_v1_rom_shim.S.obj
                0x1000405c                float_table_shim_on_use_helper
 .text          0x10004090       0x10 CMakeFiles/picoSpi.dir/C_/Users/m3925/Documents/Pico/pico-sdk/src/rp2_common/pico_mem_ops/mem_ops_aeabi.S.obj
                0x10004090                __aeabi_mem_init
 .text.memset   0x100040a0        0xc CMakeFiles/picoSpi.dir/C_/Users/m3925/Documents/Pico/pico-sdk/src/rp2_common/pico_mem_ops/mem_ops_aeabi.S.obj
                0x100040a0                __wrap_memset
 .text.memcpy   0x100040ac        0xc CMakeFiles/picoSpi.dir/C_/Users/m3925/Documents/Pico/pico-sdk/src/rp2_common/pico_mem_ops/mem_ops_aeabi.S.obj
                0x100040ac                __wrap_memcpy
                0x100040ac                __wrap___aeabi_memcpy
 .text.stdio_out_chars_no_crlf
                0x100040b8        0xe CMakeFiles/picoSpi.dir/C_/Users/m3925/Documents/Pico/pico-sdk/src/rp2_common/pico_stdio/stdio.c.obj
 *fill*         0x100040c6        0x2 
 .text.stdio_out_chars_crlf
                0x100040c8       0x80 CMakeFiles/picoSpi.dir/C_/Users/m3925/Documents/Pico/pico-sdk/src/rp2_common/pico_stdio/stdio.c.obj
 .text.stdio_stack_buffer_flush
                0x10004148       0x44 CMakeFiles/picoSpi.dir/C_/Users/m3925/Documents/Pico/pico-sdk/src/rp2_common/pico_stdio/stdio.c.obj
 .text.stdio_buffered_printer
                0x1000418c       0x20 CMakeFiles/picoSpi.dir/C_/Users/m3925/Documents/Pico/pico-sdk/src/rp2_common/pico_stdio/stdio.c.obj
 .text.stdout_serialize_begin
                0x100041ac       0x30 CMakeFiles/picoSpi.dir/C_/Users/m3925/Documents/Pico/pico-sdk/src/rp2_common/pico_stdio/stdio.c.obj
                0x100041ac                stdout_serialize_begin
 .text.stdout_serialize_end
                0x100041dc       0x10 CMakeFiles/picoSpi.dir/C_/Users/m3925/Documents/Pico/pico-sdk/src/rp2_common/pico_stdio/stdio.c.obj
                0x100041dc                stdout_serialize_end
 .text.stdio_put_string
                0x100041ec       0x98 CMakeFiles/picoSpi.dir/C_/Users/m3925/Documents/Pico/pico-sdk/src/rp2_common/pico_stdio/stdio.c.obj
 .text.stdio_set_driver_enabled
                0x10004284       0x2c CMakeFiles/picoSpi.dir/C_/Users/m3925/Documents/Pico/pico-sdk/src/rp2_common/pico_stdio/stdio.c.obj
                0x10004284                stdio_set_driver_enabled
 .text.stdio_flush
                0x100042b0       0x20 CMakeFiles/picoSpi.dir/C_/Users/m3925/Documents/Pico/pico-sdk/src/rp2_common/pico_stdio/stdio.c.obj
                0x100042b0                stdio_flush
 .text.__wrap_puts
                0x100042d0       0x1e CMakeFiles/picoSpi.dir/C_/Users/m3925/Documents/Pico/pico-sdk/src/rp2_common/pico_stdio/stdio.c.obj
                0x100042d0                __wrap_puts
 *fill*         0x100042ee        0x2 
 .text.__wrap_vprintf
                0x100042f0       0x44 CMakeFiles/picoSpi.dir/C_/Users/m3925/Documents/Pico/pico-sdk/src/rp2_common/pico_stdio/stdio.c.obj
                0x100042f0                __wrap_vprintf
 .text.__wrap_printf
                0x10004334       0x18 CMakeFiles/picoSpi.dir/C_/Users/m3925/Documents/Pico/pico-sdk/src/rp2_common/pico_stdio/stdio.c.obj
                0x10004334                __wrap_printf
 .text.stdio_init_all
                0x1000434c        0x8 CMakeFiles/picoSpi.dir/C_/Users/m3925/Documents/Pico/pico-sdk/src/rp2_common/pico_stdio/stdio.c.obj
                0x1000434c                stdio_init_all
 .text.stdio_uart_out_chars
                0x10004354       0x74 CMakeFiles/picoSpi.dir/C_/Users/m3925/Documents/Pico/pico-sdk/src/rp2_common/pico_stdio_uart/stdio_uart.c.obj
 .text.stdio_uart_in_chars
                0x100043c8       0x58 CMakeFiles/picoSpi.dir/C_/Users/m3925/Documents/Pico/pico-sdk/src/rp2_common/pico_stdio_uart/stdio_uart.c.obj
                0x100043c8                stdio_uart_in_chars
 .text.stdio_uart_init_full
                0x10004420       0x3c CMakeFiles/picoSpi.dir/C_/Users/m3925/Documents/Pico/pico-sdk/src/rp2_common/pico_stdio_uart/stdio_uart.c.obj
                0x10004420                stdio_uart_init_full
 .text.stdio_uart_init
                0x1000445c       0x28 CMakeFiles/picoSpi.dir/C_/Users/m3925/Documents/Pico/pico-sdk/src/rp2_common/pico_stdio_uart/stdio_uart.c.obj
                0x1000445c                stdio_uart_init
 .text.spi_set_baudrate
                0x10004484       0x92 CMakeFiles/picoSpi.dir/C_/Users/m3925/Documents/Pico/pico-sdk/src/rp2_common/hardware_spi/spi.c.obj
                0x10004484                spi_set_baudrate
 *fill*         0x10004516        0x2 
 .text.spi_init
                0x10004518       0x68 CMakeFiles/picoSpi.dir/C_/Users/m3925/Documents/Pico/pico-sdk/src/rp2_common/hardware_spi/spi.c.obj
                0x10004518                spi_init
 .text.strlen   0x10004580       0x5c c:/progra~2/gnuarm~1/102021~1.10/bin/../lib/gcc/arm-none-eabi/10.3.1/../../../../arm-none-eabi/lib/thumb/v6-m/nofp\libg.a(lib_a-strlen-stub.o)
                0x10004580                strlen
 *(.fini)
 .fini          0x100045dc        0x4 c:/progra~2/gnuarm~1/102021~1.10/bin/../lib/gcc/arm-none-eabi/10.3.1/thumb/v6-m/nofp/crti.o
                0x100045dc                _fini
 .fini.__stub   0x100045e0       0x70 linker stubs
 *crtbegin.o(.ctors)
 *crtbegin?.o(.ctors)
 *(EXCLUDE_FILE(*crtend.o *crtend?.o) .ctors)
 *(SORT_BY_NAME(.ctors.*))
 *(.ctors)
 *crtbegin.o(.dtors)
 *crtbegin?.o(.dtors)
 *(EXCLUDE_FILE(*crtend.o *crtend?.o) .dtors)
 *(SORT_BY_NAME(.dtors.*))
 *(.dtors)
 *(.eh_frame*)
 .eh_frame      0x10004650        0x0 c:/progra~2/gnuarm~1/102021~1.10/bin/../lib/gcc/arm-none-eabi/10.3.1/thumb/v6-m/nofp/crtbegin.o
                0x10004650                . = ALIGN (0x4)

.glue_7         0x10004650        0x0
 .glue_7        0x10004650        0x0 linker stubs

.glue_7t        0x10004650        0x0
 .glue_7t       0x10004650        0x0 linker stubs

.vfp11_veneer   0x10004650        0x0
 .vfp11_veneer  0x10004650        0x0 linker stubs

.v4_bx          0x10004650        0x0
 .v4_bx         0x10004650        0x0 linker stubs

.iplt           0x10004650        0x0
 .iplt          0x10004650        0x0 c:/progra~2/gnuarm~1/102021~1.10/bin/../lib/gcc/arm-none-eabi/10.3.1/thumb/v6-m/nofp/crtbegin.o

.rodata         0x10004650     0x1020
 *(EXCLUDE_FILE(*libm.a: *libc.a:*lib_a-mem*.o *libgcc.a:) .rodata*)
 .rodata.main.str1.4
                0x10004650       0x6a CMakeFiles/picoSpi.dir/picoSpi.c.obj
 *fill*         0x100046ba        0x2 
 .rodata.LPS25HB_write.str1.4
                0x100046bc       0x3c CMakeFiles/picoSpi.dir/LPS25HB.c.obj
 .rodata.LPS25HB_read.str1.4
                0x100046f8       0x12 CMakeFiles/picoSpi.dir/LPS25HB.c.obj
 *fill*         0x1000470a        0x2 
 .rodata.make_branch.str1.4
                0x1000470c       0x79 CMakeFiles/picoSpi.dir/C_/Users/m3925/Documents/Pico/pico-sdk/src/rp2_common/hardware_irq/irq.c.obj
 *fill*         0x10004785        0x3 
 .rodata.insert_branch_and_link.str1.4
                0x10004788       0x10 CMakeFiles/picoSpi.dir/C_/Users/m3925/Documents/Pico/pico-sdk/src/rp2_common/hardware_irq/irq.c.obj
 .rodata.irq_set_exclusive_handler.str1.4
                0x10004798       0x36 CMakeFiles/picoSpi.dir/C_/Users/m3925/Documents/Pico/pico-sdk/src/rp2_common/hardware_irq/irq.c.obj
 *fill*         0x100047ce        0x2 
 .rodata.irq_add_shared_handler.str1.4
                0x100047d0       0xd9 CMakeFiles/picoSpi.dir/C_/Users/m3925/Documents/Pico/pico-sdk/src/rp2_common/hardware_irq/irq.c.obj
 *fill*         0x100048a9        0x3 
 .rodata.irq_remove_handler.str1.4
                0x100048ac       0x2a CMakeFiles/picoSpi.dir/C_/Users/m3925/Documents/Pico/pico-sdk/src/rp2_common/hardware_irq/irq.c.obj
 *fill*         0x100048d6        0x2 
 .rodata.irq_add_tail_to_free_list.str1.4
                0x100048d8       0x3a CMakeFiles/picoSpi.dir/C_/Users/m3925/Documents/Pico/pico-sdk/src/rp2_common/hardware_irq/irq.c.obj
 *fill*         0x10004912        0x2 
 .rodata.__func__.0
                0x10004914       0x1a CMakeFiles/picoSpi.dir/C_/Users/m3925/Documents/Pico/pico-sdk/src/rp2_common/hardware_irq/irq.c.obj
 *fill*         0x1000492e        0x2 
 .rodata.__func__.1
                0x10004930       0x17 CMakeFiles/picoSpi.dir/C_/Users/m3925/Documents/Pico/pico-sdk/src/rp2_common/hardware_irq/irq.c.obj
 *fill*         0x10004947        0x1 
 .rodata.__func__.2
                0x10004948       0x13 CMakeFiles/picoSpi.dir/C_/Users/m3925/Documents/Pico/pico-sdk/src/rp2_common/hardware_irq/irq.c.obj
 *fill*         0x1000495b        0x1 
 .rodata.__func__.3
                0x1000495c        0xc CMakeFiles/picoSpi.dir/C_/Users/m3925/Documents/Pico/pico-sdk/src/rp2_common/hardware_irq/irq.c.obj
 .rodata.__func__.4
                0x10004968        0xf CMakeFiles/picoSpi.dir/C_/Users/m3925/Documents/Pico/pico-sdk/src/rp2_common/hardware_irq/irq.c.obj
 *fill*         0x10004977        0x1 
 .rodata.__func__.6
                0x10004978       0x1a CMakeFiles/picoSpi.dir/C_/Users/m3925/Documents/Pico/pico-sdk/src/rp2_common/hardware_irq/irq.c.obj
 *fill*         0x10004992        0x2 
 .rodata.repeating_timer_callback.str1.4
                0x10004994       0x57 CMakeFiles/picoSpi.dir/C_/Users/m3925/Documents/Pico/pico-sdk/src/common/pico_time/time.c.obj
 *fill*         0x100049eb        0x1 
 .rodata.alarm_pool_dump_key.str1.4
                0x100049ec       0x33 CMakeFiles/picoSpi.dir/C_/Users/m3925/Documents/Pico/pico-sdk/src/common/pico_time/time.c.obj
 *fill*         0x10004a1f        0x1 
 .rodata.ph_add_child_node.str1.4
                0x10004a20       0xa2 CMakeFiles/picoSpi.dir/C_/Users/m3925/Documents/Pico/pico-sdk/src/common/pico_time/time.c.obj
 *fill*         0x10004ac2        0x2 
 .rodata.add_alarm_under_lock.str1.4
                0x10004ac4       0x28 CMakeFiles/picoSpi.dir/C_/Users/m3925/Documents/Pico/pico-sdk/src/common/pico_time/time.c.obj
                                 0x2b (size before relaxing)
 .rodata.alarm_pool_alarm_callback.str1.4
                0x10004aec       0xf2 CMakeFiles/picoSpi.dir/C_/Users/m3925/Documents/Pico/pico-sdk/src/common/pico_time/time.c.obj
 *fill*         0x10004bde        0x2 
 .rodata.alarm_pool_get_default.str1.4
                0x10004be0       0x21 CMakeFiles/picoSpi.dir/C_/Users/m3925/Documents/Pico/pico-sdk/src/common/pico_time/time.c.obj
 *fill*         0x10004c01        0x3 
 .rodata.sleep_until.str1.4
                0x10004c04       0x4d CMakeFiles/picoSpi.dir/C_/Users/m3925/Documents/Pico/pico-sdk/src/common/pico_time/time.c.obj
 *fill*         0x10004c51        0x3 
 .rodata.__func__.10
                0x10004c54       0x15 CMakeFiles/picoSpi.dir/C_/Users/m3925/Documents/Pico/pico-sdk/src/common/pico_time/time.c.obj
 *fill*         0x10004c69        0x3 
 .rodata.__func__.11
                0x10004c6c       0x1a CMakeFiles/picoSpi.dir/C_/Users/m3925/Documents/Pico/pico-sdk/src/common/pico_time/time.c.obj
 *fill*         0x10004c86        0x2 
 .rodata.__func__.12
                0x10004c88        0xa CMakeFiles/picoSpi.dir/C_/Users/m3925/Documents/Pico/pico-sdk/src/common/pico_time/time.c.obj
 *fill*         0x10004c92        0x2 
 .rodata.__func__.3
                0x10004c94       0x17 CMakeFiles/picoSpi.dir/C_/Users/m3925/Documents/Pico/pico-sdk/src/common/pico_time/time.c.obj
 *fill*         0x10004cab        0x1 
 .rodata.__func__.4
                0x10004cac       0x12 CMakeFiles/picoSpi.dir/C_/Users/m3925/Documents/Pico/pico-sdk/src/common/pico_time/time.c.obj
 *fill*         0x10004cbe        0x2 
 .rodata.__func__.5
                0x10004cc0        0xd CMakeFiles/picoSpi.dir/C_/Users/m3925/Documents/Pico/pico-sdk/src/common/pico_time/time.c.obj
 *fill*         0x10004ccd        0x3 
 .rodata.__func__.6
                0x10004cd0       0x12 CMakeFiles/picoSpi.dir/C_/Users/m3925/Documents/Pico/pico-sdk/src/common/pico_time/time.c.obj
 *fill*         0x10004ce2        0x2 
 .rodata.__func__.7
                0x10004ce4        0xf CMakeFiles/picoSpi.dir/C_/Users/m3925/Documents/Pico/pico-sdk/src/common/pico_time/time.c.obj
 *fill*         0x10004cf3        0x1 
 .rodata.__func__.8
                0x10004cf4        0xc CMakeFiles/picoSpi.dir/C_/Users/m3925/Documents/Pico/pico-sdk/src/common/pico_time/time.c.obj
 .rodata.__func__.9
                0x10004d00       0x15 CMakeFiles/picoSpi.dir/C_/Users/m3925/Documents/Pico/pico-sdk/src/common/pico_time/time.c.obj
 *fill*         0x10004d15        0x3 
 .rodata.hardware_alarm_claim.str1.4
                0x10004d18       0x22 CMakeFiles/picoSpi.dir/C_/Users/m3925/Documents/Pico/pico-sdk/src/rp2_common/hardware_timer/timer.c.obj
 *fill*         0x10004d3a        0x2 
 .rodata.hardware_alarm_set_target.str1.4
                0x10004d3c       0x71 CMakeFiles/picoSpi.dir/C_/Users/m3925/Documents/Pico/pico-sdk/src/rp2_common/hardware_timer/timer.c.obj
 *fill*         0x10004dad        0x3 
 .rodata.__func__.0
                0x10004db0       0x1a CMakeFiles/picoSpi.dir/C_/Users/m3925/Documents/Pico/pico-sdk/src/rp2_common/hardware_timer/timer.c.obj
 .rodata.ph_add_child_node.str1.4
                0x10004dca       0xa2 CMakeFiles/picoSpi.dir/C_/Users/m3925/Documents/Pico/pico-sdk/src/common/pico_util/pheap.c.obj
 *fill*         0x10004dca        0x2 
 .rodata.ph_remove_any_head.str1.4
                0x10004dcc       0x98 CMakeFiles/picoSpi.dir/C_/Users/m3925/Documents/Pico/pico-sdk/src/common/pico_util/pheap.c.obj
 .rodata.ph_remove_and_free_node.str1.4
                0x10004e64       0x1e CMakeFiles/picoSpi.dir/C_/Users/m3925/Documents/Pico/pico-sdk/src/common/pico_util/pheap.c.obj
                                 0x26 (size before relaxing)
 *fill*         0x10004e82        0x2 
 .rodata.__func__.0
                0x10004e84       0x18 CMakeFiles/picoSpi.dir/C_/Users/m3925/Documents/Pico/pico-sdk/src/common/pico_util/pheap.c.obj
 .rodata.__func__.1
                0x10004e9c       0x13 CMakeFiles/picoSpi.dir/C_/Users/m3925/Documents/Pico/pico-sdk/src/common/pico_util/pheap.c.obj
 *fill*         0x10004eaf        0x1 
 .rodata.__func__.2
                0x10004eb0       0x12 CMakeFiles/picoSpi.dir/C_/Users/m3925/Documents/Pico/pico-sdk/src/common/pico_util/pheap.c.obj
 *fill*         0x10004ec2        0x2 
 .rodata.__func__.3
                0x10004ec4        0xc CMakeFiles/picoSpi.dir/C_/Users/m3925/Documents/Pico/pico-sdk/src/common/pico_util/pheap.c.obj
 .rodata.str1.4
                0x10004ed0       0x95 CMakeFiles/picoSpi.dir/C_/Users/m3925/Documents/Pico/pico-sdk/src/common/pico_sync/mutex.c.obj
                                0x105 (size before relaxing)
 *fill*         0x10004f65        0x3 
 .rodata.__func__.1
                0x10004f68        0xb CMakeFiles/picoSpi.dir/C_/Users/m3925/Documents/Pico/pico-sdk/src/common/pico_sync/mutex.c.obj
 *fill*         0x10004f73        0x1 
 .rodata.__assert_func.str1.4
                0x10004f74       0x3f CMakeFiles/picoSpi.dir/C_/Users/m3925/Documents/Pico/pico-sdk/src/rp2_common/pico_runtime/runtime.c.obj
                                 0x43 (size before relaxing)
 *fill*         0x10004fb3        0x1 
 .rodata.runtime_init.str1.4
                0x10004fb4       0x6d CMakeFiles/picoSpi.dir/C_/Users/m3925/Documents/Pico/pico-sdk/src/rp2_common/pico_runtime/runtime.c.obj
 *fill*         0x10005021        0x3 
 .rodata.panic.str1.4
                0x10005024       0x12 CMakeFiles/picoSpi.dir/C_/Users/m3925/Documents/Pico/pico-sdk/src/rp2_common/pico_runtime/runtime.c.obj
 *fill*         0x10005036        0x2 
 .rodata.__func__.1
                0x10005038        0xd CMakeFiles/picoSpi.dir/C_/Users/m3925/Documents/Pico/pico-sdk/src/rp2_common/pico_runtime/runtime.c.obj
 *fill*         0x10005045        0x3 
 .rodata.clock_configure.str1.4
                0x10005048       0x63 CMakeFiles/picoSpi.dir/C_/Users/m3925/Documents/Pico/pico-sdk/src/rp2_common/hardware_clocks/clocks.c.obj
 *fill*         0x100050ab        0x1 
 .rodata.__func__.1
                0x100050ac       0x10 CMakeFiles/picoSpi.dir/C_/Users/m3925/Documents/Pico/pico-sdk/src/rp2_common/hardware_clocks/clocks.c.obj
 .rodata.pll_init.str1.4
                0x100050bc      0x147 CMakeFiles/picoSpi.dir/C_/Users/m3925/Documents/Pico/pico-sdk/src/rp2_common/hardware_pll/pll.c.obj
 *fill*         0x10005203        0x1 
 .rodata.__func__.0
                0x10005204        0x9 CMakeFiles/picoSpi.dir/C_/Users/m3925/Documents/Pico/pico-sdk/src/rp2_common/hardware_pll/pll.c.obj
 *fill*         0x1000520d        0x3 
 .rodata._ftoa.str1.4
                0x10005210       0x15 CMakeFiles/picoSpi.dir/C_/Users/m3925/Documents/Pico/pico-sdk/src/rp2_common/pico_printf/printf.c.obj
 *fill*         0x10005225        0x3 
 .rodata._vsnprintf
                0x10005228      0x1e0 CMakeFiles/picoSpi.dir/C_/Users/m3925/Documents/Pico/pico-sdk/src/rp2_common/pico_printf/printf.c.obj
 .rodata.pow10.0
                0x10005408       0x50 CMakeFiles/picoSpi.dir/C_/Users/m3925/Documents/Pico/pico-sdk/src/rp2_common/pico_printf/printf.c.obj
 .rodata.__aeabi_double_init.str1.4
                0x10005458       0xb4 CMakeFiles/picoSpi.dir/C_/Users/m3925/Documents/Pico/pico-sdk/src/rp2_common/pico_double/double_init_rom.c.obj
 .rodata.__func__.0
                0x1000550c       0x14 CMakeFiles/picoSpi.dir/C_/Users/m3925/Documents/Pico/pico-sdk/src/rp2_common/pico_double/double_init_rom.c.obj
 .rodata.__aeabi_float_init.str1.4
                0x10005520       0x86 CMakeFiles/picoSpi.dir/C_/Users/m3925/Documents/Pico/pico-sdk/src/rp2_common/pico_float/float_init_rom.c.obj
                                 0x8a (size before relaxing)
 *fill*         0x100055a6        0x2 
 .rodata.__func__.0
                0x100055a8       0x13 CMakeFiles/picoSpi.dir/C_/Users/m3925/Documents/Pico/pico-sdk/src/rp2_common/pico_float/float_init_rom.c.obj
 *fill*         0x100055bb        0x1 
 .rodata.str1.4
                0x100055bc       0x40 CMakeFiles/picoSpi.dir/C_/Users/m3925/Documents/Pico/pico-sdk/src/rp2_common/pico_standard_link/binary_info.c.obj
 .rodata.__bi_44
                0x100055fc        0xc CMakeFiles/picoSpi.dir/C_/Users/m3925/Documents/Pico/pico-sdk/src/rp2_common/pico_standard_link/binary_info.c.obj
 .rodata.__bi_56
                0x10005608        0xc CMakeFiles/picoSpi.dir/C_/Users/m3925/Documents/Pico/pico-sdk/src/rp2_common/pico_standard_link/binary_info.c.obj
 .rodata.__bi_75
                0x10005614        0xc CMakeFiles/picoSpi.dir/C_/Users/m3925/Documents/Pico/pico-sdk/src/rp2_common/pico_standard_link/binary_info.c.obj
 .rodata.__bi_81
                0x10005620        0xc CMakeFiles/picoSpi.dir/C_/Users/m3925/Documents/Pico/pico-sdk/src/rp2_common/pico_standard_link/binary_info.c.obj
 .rodata.crlf_str.3
                0x1000562c        0x2 CMakeFiles/picoSpi.dir/C_/Users/m3925/Documents/Pico/pico-sdk/src/rp2_common/pico_stdio/stdio.c.obj
 *fill*         0x1000562e        0x2 
 .rodata.str1.4
                0x10005630       0x2c CMakeFiles/picoSpi.dir/C_/Users/m3925/Documents/Pico/pico-sdk/src/rp2_common/pico_stdio_uart/stdio_uart.c.obj
 .rodata.__bi_28.4
                0x1000565c        0xc CMakeFiles/picoSpi.dir/C_/Users/m3925/Documents/Pico/pico-sdk/src/rp2_common/pico_stdio_uart/stdio_uart.c.obj
 .rodata.__bi_29.5
                0x10005668        0x8 CMakeFiles/picoSpi.dir/C_/Users/m3925/Documents/Pico/pico-sdk/src/rp2_common/pico_stdio_uart/stdio_uart.c.obj
                0x10005670                . = ALIGN (0x4)
 *(SORT_BY_ALIGNMENT(SORT_BY_NAME(.flashdata*)))
                0x10005670                . = ALIGN (0x4)

.rel.dyn        0x10005670        0x0
 .rel.iplt      0x10005670        0x0 c:/progra~2/gnuarm~1/102021~1.10/bin/../lib/gcc/arm-none-eabi/10.3.1/thumb/v6-m/nofp/crtbegin.o

.ARM.extab
 *(.ARM.extab* .gnu.linkonce.armextab.*)
                0x10005670                __exidx_start = .

.ARM.exidx
 *(.ARM.exidx* .gnu.linkonce.armexidx.*)
                0x10005670                __exidx_end = .
                0x10005670                . = ALIGN (0x4)
                0x10005670                __binary_info_start = .

.binary_info    0x10005670       0x28
 *(.binary_info.keep.*)
 .binary_info.keep.__bi_ptr22
                0x10005670        0x4 CMakeFiles/picoSpi.dir/C_/Users/m3925/Documents/Pico/pico-sdk/src/rp2_common/pico_standard_link/binary_info.c.obj
 .binary_info.keep.__bi_ptr30
                0x10005674        0x4 CMakeFiles/picoSpi.dir/C_/Users/m3925/Documents/Pico/pico-sdk/src/rp2_common/pico_standard_link/binary_info.c.obj
 .binary_info.keep.__bi_ptr38
                0x10005678        0x4 CMakeFiles/picoSpi.dir/C_/Users/m3925/Documents/Pico/pico-sdk/src/rp2_common/pico_standard_link/binary_info.c.obj
 .binary_info.keep.__bi_ptr44
                0x1000567c        0x4 CMakeFiles/picoSpi.dir/C_/Users/m3925/Documents/Pico/pico-sdk/src/rp2_common/pico_standard_link/binary_info.c.obj
 .binary_info.keep.__bi_ptr50
                0x10005680        0x4 CMakeFiles/picoSpi.dir/C_/Users/m3925/Documents/Pico/pico-sdk/src/rp2_common/pico_standard_link/binary_info.c.obj
 .binary_info.keep.__bi_ptr56
                0x10005684        0x4 CMakeFiles/picoSpi.dir/C_/Users/m3925/Documents/Pico/pico-sdk/src/rp2_common/pico_standard_link/binary_info.c.obj
 .binary_info.keep.__bi_ptr75
                0x10005688        0x4 CMakeFiles/picoSpi.dir/C_/Users/m3925/Documents/Pico/pico-sdk/src/rp2_common/pico_standard_link/binary_info.c.obj
 .binary_info.keep.__bi_ptr81
                0x1000568c        0x4 CMakeFiles/picoSpi.dir/C_/Users/m3925/Documents/Pico/pico-sdk/src/rp2_common/pico_standard_link/binary_info.c.obj
 *(.binary_info.*)
 .binary_info.__bi_ptr28
                0x10005690        0x4 CMakeFiles/picoSpi.dir/C_/Users/m3925/Documents/Pico/pico-sdk/src/rp2_common/pico_stdio_uart/stdio_uart.c.obj
 .binary_info.__bi_ptr29
                0x10005694        0x4 CMakeFiles/picoSpi.dir/C_/Users/m3925/Documents/Pico/pico-sdk/src/rp2_common/pico_stdio_uart/stdio_uart.c.obj
                0x10005698                __binary_info_end = .
                0x10005698                . = ALIGN (0x4)
                0x10005698                __etext = .

.ram_vector_table
                0x20000000       0xc0
 *(.ram_vector_table)
 .ram_vector_table
                0x20000000       0xc0 CMakeFiles/picoSpi.dir/C_/Users/m3925/Documents/Pico/pico-sdk/src/rp2_common/pico_runtime/runtime.c.obj
                0x20000000                ram_vector_table

.data           0x200000c0      0x230 load address 0x10005698
                0x200000c0                __data_start__ = .
 *(vtable)
 *(.time_critical*)
 .time_critical.mutex_enter_blocking
                0x200000c0       0x48 CMakeFiles/picoSpi.dir/C_/Users/m3925/Documents/Pico/pico-sdk/src/common/pico_sync/mutex.c.obj
                0x200000c0                mutex_enter_blocking
 .time_critical.mutex_try_enter
                0x20000108       0x46 CMakeFiles/picoSpi.dir/C_/Users/m3925/Documents/Pico/pico-sdk/src/common/pico_sync/mutex.c.obj
                0x20000108                mutex_try_enter
 *fill*         0x2000014e        0x2 
 .time_critical.mutex_exit
                0x20000150       0x4c CMakeFiles/picoSpi.dir/C_/Users/m3925/Documents/Pico/pico-sdk/src/common/pico_sync/mutex.c.obj
                0x20000150                mutex_exit
 .time_critical.spi_write_blocking
                0x2000019c       0x3a CMakeFiles/picoSpi.dir/C_/Users/m3925/Documents/Pico/pico-sdk/src/rp2_common/hardware_spi/spi.c.obj
                0x2000019c                spi_write_blocking
 .time_critical.spi_read_blocking
                0x200001d6       0x3e CMakeFiles/picoSpi.dir/C_/Users/m3925/Documents/Pico/pico-sdk/src/rp2_common/hardware_spi/spi.c.obj
                0x200001d6                spi_read_blocking
 *(.text*)
 .text          0x20000214        0x4 c:/progra~2/gnuarm~1/102021~1.10/bin/../lib/gcc/arm-none-eabi/10.3.1/thumb/v6-m/nofp\libgcc.a(_dvmd_tls.o)
                0x20000214                __aeabi_idiv0
                0x20000214                __aeabi_ldiv0
 .text.__stub   0x20000218       0x10 linker stubs
                0x20000228                . = ALIGN (0x4)
 *(.rodata*)
                0x20000228                . = ALIGN (0x4)
 *(.data*)
 .data.striped_spin_lock_num
                0x20000228        0x1 CMakeFiles/picoSpi.dir/C_/Users/m3925/Documents/Pico/pico-sdk/src/rp2_common/hardware_sync/sync.c.obj
 *fill*         0x20000229        0x3 
 .data          0x2000022c       0x48 CMakeFiles/picoSpi.dir/C_/Users/m3925/Documents/Pico/pico-sdk/src/rp2_common/hardware_irq/irq_handler_chain.S.obj
                0x2000022c                irq_handler_chain_slots
                0x2000025c                irq_handler_chain_first_slot
                0x20000266                irq_handler_chain_remove_tail
 .data.default_alarm_pool
                0x20000274       0x18 CMakeFiles/picoSpi.dir/C_/Users/m3925/Documents/Pico/pico-sdk/src/common/pico_time/time.c.obj
 .data.default_alarm_pool_heap
                0x2000028c       0x10 CMakeFiles/picoSpi.dir/C_/Users/m3925/Documents/Pico/pico-sdk/src/common/pico_time/time.c.obj
 *fill*         0x2000029c        0x4 
 .data.aeabi_bits_funcs
                0x200002a0       0x10 CMakeFiles/picoSpi.dir/C_/Users/m3925/Documents/Pico/pico-sdk/src/rp2_common/pico_bit_ops/bit_ops_aeabi.S.obj
                0x200002a0                aeabi_bits_funcs
                0x200002b0                aeabi_bits_funcs_end
 .data.aeabi_mem_funcs
                0x200002b0       0x10 CMakeFiles/picoSpi.dir/C_/Users/m3925/Documents/Pico/pico-sdk/src/rp2_common/pico_mem_ops/mem_ops_aeabi.S.obj
                0x200002b0                aeabi_mem_funcs
                0x200002c0                aeabi_mem_funcs_end
 .data.stdio_uart
                0x200002c0       0x14 CMakeFiles/picoSpi.dir/C_/Users/m3925/Documents/Pico/pico-sdk/src/rp2_common/pico_stdio_uart/stdio_uart.c.obj
                0x200002c0                stdio_uart
                0x200002d4                . = ALIGN (0x4)
 *(.after_data.*)
                0x200002d4                . = ALIGN (0x4)
                0x200002d4                PROVIDE (__mutex_array_start = .)
 *(SORT_BY_NAME(.mutex_array.*))
 *(.mutex_array)
 .mutex_array   0x200002d4        0x8 CMakeFiles/picoSpi.dir/C_/Users/m3925/Documents/Pico/pico-sdk/src/rp2_common/pico_stdio/stdio.c.obj
                0x200002dc                PROVIDE (__mutex_array_end = .)
                0x200002dc                . = ALIGN (0x4)
                0x200002dc                PROVIDE (__preinit_array_start = .)
 *(SORT_BY_NAME(.preinit_array.*))
 .preinit_array.00001
                0x200002dc        0x4 CMakeFiles/picoSpi.dir/C_/Users/m3925/Documents/Pico/pico-sdk/src/rp2_common/pico_mem_ops/mem_ops_aeabi.S.obj
 .preinit_array.00010
                0x200002e0        0x4 CMakeFiles/picoSpi.dir/C_/Users/m3925/Documents/Pico/pico-sdk/src/rp2_common/pico_bit_ops/bit_ops_aeabi.S.obj
 .preinit_array.00020
                0x200002e4        0x4 CMakeFiles/picoSpi.dir/C_/Users/m3925/Documents/Pico/pico-sdk/src/rp2_common/pico_double/double_aeabi.S.obj
 .preinit_array.00020
                0x200002e8        0x4 CMakeFiles/picoSpi.dir/C_/Users/m3925/Documents/Pico/pico-sdk/src/rp2_common/pico_float/float_aeabi.S.obj
 *(.preinit_array)
                0x200002ec                PROVIDE (__preinit_array_end = .)
                0x200002ec                . = ALIGN (0x4)
                0x200002ec                PROVIDE (__init_array_start = .)
 *(SORT_BY_NAME(.init_array.*))
 *(.init_array)
 .init_array    0x200002ec        0x4 c:/progra~2/gnuarm~1/102021~1.10/bin/../lib/gcc/arm-none-eabi/10.3.1/thumb/v6-m/nofp/crtbegin.o
                0x200002f0                PROVIDE (__init_array_end = .)
                0x200002f0                . = ALIGN (0x4)
                [!provide]                PROVIDE (__fini_array_start = .)
 *(SORT_BY_NAME(.fini_array.*))
 *(.fini_array)
                [!provide]                PROVIDE (__fini_array_end = .)
 *(.jcr)
                0x200002f0                . = ALIGN (0x4)
                0x200002f0                __data_end__ = .

.igot.plt       0x200002f0        0x0 load address 0x100058c8
 .igot.plt      0x200002f0        0x0 c:/progra~2/gnuarm~1/102021~1.10/bin/../lib/gcc/arm-none-eabi/10.3.1/thumb/v6-m/nofp/crtbegin.o

.uninitialized_data
                0x200002f0        0x0 load address 0x100058c8
                0x200002f0                . = ALIGN (0x4)
 *(.uninitialized_data*)

.scratch_x      0x20040000        0x0 load address 0x100058c8
                0x20040000                __scratch_x_start__ = .
 *(.scratch_x.*)
                0x20040000                . = ALIGN (0x4)
                0x20040000                __scratch_x_end__ = .
                0x100058c8                __scratch_x_source__ = LOADADDR (.scratch_x)

.scratch_y      0x20041000        0x0 load address 0x100058c8
                0x20041000                __scratch_y_start__ = .
 *(.scratch_y.*)
                0x20041000                . = ALIGN (0x4)
                0x20041000                __scratch_y_end__ = .
                0x100058c8                __scratch_y_source__ = LOADADDR (.scratch_y)

.bss            0x200002f0      0x3d0
                0x200002f0                . = ALIGN (0x4)
                0x200002f0                __bss_start__ = .
 *(SORT_BY_ALIGNMENT(SORT_BY_NAME(.bss*)))
 .bss.default_alarm_pool_entries
                0x200002f0      0x100 CMakeFiles/picoSpi.dir/C_/Users/m3925/Documents/Pico/pico-sdk/src/common/pico_time/time.c.obj
 .bss           0x200003f0       0x1c c:/progra~2/gnuarm~1/102021~1.10/bin/../lib/gcc/arm-none-eabi/10.3.1/thumb/v6-m/nofp/crtbegin.o
 .bss.alarm_callbacks
                0x2000040c       0x10 CMakeFiles/picoSpi.dir/C_/Users/m3925/Documents/Pico/pico-sdk/src/rp2_common/hardware_timer/timer.c.obj
 .bss.configured_freq
                0x2000041c       0x28 CMakeFiles/picoSpi.dir/C_/Users/m3925/Documents/Pico/pico-sdk/src/rp2_common/hardware_clocks/clocks.c.obj
 .bss.default_alarm_pool_entry_ids_high
                0x20000444       0x10 CMakeFiles/picoSpi.dir/C_/Users/m3925/Documents/Pico/pico-sdk/src/common/pico_time/time.c.obj
 .bss.default_alarm_pool_heap_nodes
                0x20000454       0x30 CMakeFiles/picoSpi.dir/C_/Users/m3925/Documents/Pico/pico-sdk/src/common/pico_time/time.c.obj
 .bss.drivers   0x20000484        0x4 CMakeFiles/picoSpi.dir/C_/Users/m3925/Documents/Pico/pico-sdk/src/rp2_common/pico_stdio/stdio.c.obj
 .bss.filter    0x20000488        0x4 CMakeFiles/picoSpi.dir/C_/Users/m3925/Documents/Pico/pico-sdk/src/rp2_common/pico_stdio/stdio.c.obj
 .bss.pools     0x2000048c       0x10 CMakeFiles/picoSpi.dir/C_/Users/m3925/Documents/Pico/pico-sdk/src/common/pico_time/time.c.obj
 .bss.sd_table  0x2000049c      0x100 CMakeFiles/picoSpi.dir/C_/Users/m3925/Documents/Pico/pico-sdk/src/rp2_common/pico_double/double_init_rom.c.obj
                0x2000049c                sd_table
 .bss.sf_clz_func
                0x2000059c        0x4 CMakeFiles/picoSpi.dir/C_/Users/m3925/Documents/Pico/pico-sdk/src/rp2_common/pico_double/double_init_rom.c.obj
                0x2000059c                sf_clz_func
 .bss.sf_table  0x200005a0      0x100 CMakeFiles/picoSpi.dir/C_/Users/m3925/Documents/Pico/pico-sdk/src/rp2_common/pico_float/float_init_rom.c.obj
                0x200005a0                sf_table
 .bss.sleep_notifier
                0x200006a0        0x4 CMakeFiles/picoSpi.dir/C_/Users/m3925/Documents/Pico/pico-sdk/src/common/pico_time/time.c.obj
 .bss.target_hi
                0x200006a4       0x10 CMakeFiles/picoSpi.dir/C_/Users/m3925/Documents/Pico/pico-sdk/src/rp2_common/hardware_timer/timer.c.obj
 .bss.uart_char_to_line_feed
                0x200006b4        0x4 CMakeFiles/picoSpi.dir/C_/Users/m3925/Documents/Pico/pico-sdk/src/rp2_common/hardware_uart/uart.c.obj
                0x200006b4                uart_char_to_line_feed
 .bss.uart_instance
                0x200006b8        0x4 CMakeFiles/picoSpi.dir/C_/Users/m3925/Documents/Pico/pico-sdk/src/rp2_common/pico_stdio_uart/stdio_uart.c.obj
 .bss.claimed   0x200006bc        0x1 CMakeFiles/picoSpi.dir/C_/Users/m3925/Documents/Pico/pico-sdk/src/rp2_common/hardware_timer/timer.c.obj
 .bss.irq_hander_chain_free_slot_head
                0x200006bd        0x1 CMakeFiles/picoSpi.dir/C_/Users/m3925/Documents/Pico/pico-sdk/src/rp2_common/hardware_irq/irq.c.obj
 .bss.timer_callbacks_pending
                0x200006be        0x1 CMakeFiles/picoSpi.dir/C_/Users/m3925/Documents/Pico/pico-sdk/src/rp2_common/hardware_timer/timer.c.obj
 *(COMMON)
                0x200006c0                . = ALIGN (0x4)
 *fill*         0x200006bf        0x1 
                0x200006c0                __bss_end__ = .

.heap           0x200006c0      0x800
                0x200006c0                __end__ = .
                0x200006c0                end = __end__
 *(.heap*)
 .heap          0x200006c0      0x800 CMakeFiles/picoSpi.dir/C_/Users/m3925/Documents/Pico/pico-sdk/src/rp2_common/pico_standard_link/crt0.S.obj
                0x20000ec0                __HeapLimit = .

.stack1_dummy   0x20040000        0x0
 *(.stack1*)

.stack_dummy    0x20041000      0x800
 *(.stack*)
 .stack         0x20041000      0x800 CMakeFiles/picoSpi.dir/C_/Users/m3925/Documents/Pico/pico-sdk/src/rp2_common/pico_standard_link/crt0.S.obj

.flash_end      0x100058c8        0x0
                0x100058c8                __flash_binary_end = .
                0x20040000                __StackLimit = (ORIGIN (RAM) + LENGTH (RAM))
                0x20041000                __StackOneTop = (ORIGIN (SCRATCH_X) + LENGTH (SCRATCH_X))
                0x20042000                __StackTop = (ORIGIN (SCRATCH_Y) + LENGTH (SCRATCH_Y))
                0x20041000                __StackOneBottom = (__StackOneTop - SIZEOF (.stack1_dummy))
                0x20041800                __StackBottom = (__StackTop - SIZEOF (.stack_dummy))
                0x20042000                PROVIDE (__stack = __StackTop)
                0x00000001                ASSERT ((__StackLimit >= __HeapLimit), region RAM overflowed)
                0x00000001                ASSERT (((__binary_info_header_end - __logical_binary_start) <= 0x100), Binary info must be in first 256 bytes of the binary)
LOAD CMakeFiles/picoSpi.dir/picoSpi.c.obj
LOAD CMakeFiles/picoSpi.dir/LPS25HB.c.obj
LOAD CMakeFiles/picoSpi.dir/C_/Users/m3925/Documents/Pico/pico-sdk/src/rp2_common/pico_stdlib/stdlib.c.obj
LOAD CMakeFiles/picoSpi.dir/C_/Users/m3925/Documents/Pico/pico-sdk/src/rp2_common/hardware_gpio/gpio.c.obj
LOAD CMakeFiles/picoSpi.dir/C_/Users/m3925/Documents/Pico/pico-sdk/src/rp2_common/hardware_claim/claim.c.obj
LOAD CMakeFiles/picoSpi.dir/C_/Users/m3925/Documents/Pico/pico-sdk/src/rp2_common/pico_platform/platform.c.obj
LOAD CMakeFiles/picoSpi.dir/C_/Users/m3925/Documents/Pico/pico-sdk/src/rp2_common/hardware_sync/sync.c.obj
LOAD CMakeFiles/picoSpi.dir/C_/Users/m3925/Documents/Pico/pico-sdk/src/rp2_common/hardware_irq/irq.c.obj
LOAD CMakeFiles/picoSpi.dir/C_/Users/m3925/Documents/Pico/pico-sdk/src/rp2_common/hardware_irq/irq_handler_chain.S.obj
LOAD CMakeFiles/picoSpi.dir/C_/Users/m3925/Documents/Pico/pico-sdk/src/common/pico_sync/sem.c.obj
LOAD CMakeFiles/picoSpi.dir/C_/Users/m3925/Documents/Pico/pico-sdk/src/common/pico_sync/lock_core.c.obj
LOAD CMakeFiles/picoSpi.dir/C_/Users/m3925/Documents/Pico/pico-sdk/src/common/pico_time/time.c.obj
LOAD CMakeFiles/picoSpi.dir/C_/Users/m3925/Documents/Pico/pico-sdk/src/common/pico_time/timeout_helper.c.obj
LOAD CMakeFiles/picoSpi.dir/C_/Users/m3925/Documents/Pico/pico-sdk/src/rp2_common/hardware_timer/timer.c.obj
LOAD CMakeFiles/picoSpi.dir/C_/Users/m3925/Documents/Pico/pico-sdk/src/common/pico_util/datetime.c.obj
LOAD CMakeFiles/picoSpi.dir/C_/Users/m3925/Documents/Pico/pico-sdk/src/common/pico_util/pheap.c.obj
LOAD CMakeFiles/picoSpi.dir/C_/Users/m3925/Documents/Pico/pico-sdk/src/common/pico_util/queue.c.obj
LOAD CMakeFiles/picoSpi.dir/C_/Users/m3925/Documents/Pico/pico-sdk/src/common/pico_sync/mutex.c.obj
LOAD CMakeFiles/picoSpi.dir/C_/Users/m3925/Documents/Pico/pico-sdk/src/common/pico_sync/critical_section.c.obj
LOAD CMakeFiles/picoSpi.dir/C_/Users/m3925/Documents/Pico/pico-sdk/src/rp2_common/hardware_uart/uart.c.obj
LOAD CMakeFiles/picoSpi.dir/C_/Users/m3925/Documents/Pico/pico-sdk/src/rp2_common/hardware_divider/divider.S.obj
LOAD CMakeFiles/picoSpi.dir/C_/Users/m3925/Documents/Pico/pico-sdk/src/rp2_common/pico_runtime/runtime.c.obj
LOAD CMakeFiles/picoSpi.dir/C_/Users/m3925/Documents/Pico/pico-sdk/src/rp2_common/hardware_clocks/clocks.c.obj
LOAD CMakeFiles/picoSpi.dir/C_/Users/m3925/Documents/Pico/pico-sdk/src/rp2_common/hardware_pll/pll.c.obj
LOAD CMakeFiles/picoSpi.dir/C_/Users/m3925/Documents/Pico/pico-sdk/src/rp2_common/hardware_vreg/vreg.c.obj
LOAD CMakeFiles/picoSpi.dir/C_/Users/m3925/Documents/Pico/pico-sdk/src/rp2_common/hardware_watchdog/watchdog.c.obj
LOAD CMakeFiles/picoSpi.dir/C_/Users/m3925/Documents/Pico/pico-sdk/src/rp2_common/hardware_xosc/xosc.c.obj
LOAD CMakeFiles/picoSpi.dir/C_/Users/m3925/Documents/Pico/pico-sdk/src/rp2_common/pico_printf/printf.c.obj
LOAD CMakeFiles/picoSpi.dir/C_/Users/m3925/Documents/Pico/pico-sdk/src/rp2_common/pico_bit_ops/bit_ops_aeabi.S.obj
LOAD CMakeFiles/picoSpi.dir/C_/Users/m3925/Documents/Pico/pico-sdk/src/rp2_common/pico_bootrom/bootrom.c.obj
LOAD CMakeFiles/picoSpi.dir/C_/Users/m3925/Documents/Pico/pico-sdk/src/rp2_common/pico_divider/divider.S.obj
LOAD CMakeFiles/picoSpi.dir/C_/Users/m3925/Documents/Pico/pico-sdk/src/rp2_common/pico_double/double_aeabi.S.obj
LOAD CMakeFiles/picoSpi.dir/C_/Users/m3925/Documents/Pico/pico-sdk/src/rp2_common/pico_double/double_init_rom.c.obj
LOAD CMakeFiles/picoSpi.dir/C_/Users/m3925/Documents/Pico/pico-sdk/src/rp2_common/pico_double/double_math.c.obj
LOAD CMakeFiles/picoSpi.dir/C_/Users/m3925/Documents/Pico/pico-sdk/src/rp2_common/pico_double/double_v1_rom_shim.S.obj
LOAD CMakeFiles/picoSpi.dir/C_/Users/m3925/Documents/Pico/pico-sdk/src/rp2_common/pico_int64_ops/pico_int64_ops_aeabi.S.obj
LOAD CMakeFiles/picoSpi.dir/C_/Users/m3925/Documents/Pico/pico-sdk/src/rp2_common/pico_float/float_aeabi.S.obj
LOAD CMakeFiles/picoSpi.dir/C_/Users/m3925/Documents/Pico/pico-sdk/src/rp2_common/pico_float/float_init_rom.c.obj
LOAD CMakeFiles/picoSpi.dir/C_/Users/m3925/Documents/Pico/pico-sdk/src/rp2_common/pico_float/float_math.c.obj
LOAD CMakeFiles/picoSpi.dir/C_/Users/m3925/Documents/Pico/pico-sdk/src/rp2_common/pico_float/float_v1_rom_shim.S.obj
LOAD CMakeFiles/picoSpi.dir/C_/Users/m3925/Documents/Pico/pico-sdk/src/rp2_common/pico_malloc/pico_malloc.c.obj
LOAD CMakeFiles/picoSpi.dir/C_/Users/m3925/Documents/Pico/pico-sdk/src/rp2_common/pico_mem_ops/mem_ops_aeabi.S.obj
LOAD CMakeFiles/picoSpi.dir/C_/Users/m3925/Documents/Pico/pico-sdk/src/rp2_common/pico_standard_link/crt0.S.obj
LOAD CMakeFiles/picoSpi.dir/C_/Users/m3925/Documents/Pico/pico-sdk/src/rp2_common/pico_standard_link/new_delete.cpp.obj
LOAD CMakeFiles/picoSpi.dir/C_/Users/m3925/Documents/Pico/pico-sdk/src/rp2_common/pico_standard_link/binary_info.c.obj
LOAD CMakeFiles/picoSpi.dir/C_/Users/m3925/Documents/Pico/pico-sdk/src/rp2_common/pico_stdio/stdio.c.obj
LOAD CMakeFiles/picoSpi.dir/C_/Users/m3925/Documents/Pico/pico-sdk/src/rp2_common/pico_stdio_uart/stdio_uart.c.obj
LOAD CMakeFiles/picoSpi.dir/C_/Users/m3925/Documents/Pico/pico-sdk/src/rp2_common/hardware_spi/spi.c.obj
LOAD C:\Users\m3925\AppData\Local\Temp\ccWZN6pX.o
LOAD c:/progra~2/gnuarm~1/102021~1.10/bin/../lib/gcc/arm-none-eabi/10.3.1/../../../../arm-none-eabi/lib/thumb/v6-m/nofp\libstdc++.a
LOAD c:/progra~2/gnuarm~1/102021~1.10/bin/../lib/gcc/arm-none-eabi/10.3.1/../../../../arm-none-eabi/lib/thumb/v6-m/nofp\libm.a
START GROUP
LOAD c:/progra~2/gnuarm~1/102021~1.10/bin/../lib/gcc/arm-none-eabi/10.3.1/thumb/v6-m/nofp\libgcc.a
LOAD c:/progra~2/gnuarm~1/102021~1.10/bin/../lib/gcc/arm-none-eabi/10.3.1/../../../../arm-none-eabi/lib/thumb/v6-m/nofp\libg.a
LOAD c:/progra~2/gnuarm~1/102021~1.10/bin/../lib/gcc/arm-none-eabi/10.3.1/../../../../arm-none-eabi/lib/thumb/v6-m/nofp\libc.a
END GROUP
START GROUP
LOAD c:/progra~2/gnuarm~1/102021~1.10/bin/../lib/gcc/arm-none-eabi/10.3.1/thumb/v6-m/nofp\libgcc.a
LOAD c:/progra~2/gnuarm~1/102021~1.10/bin/../lib/gcc/arm-none-eabi/10.3.1/../../../../arm-none-eabi/lib/thumb/v6-m/nofp\libc.a
LOAD c:/progra~2/gnuarm~1/102021~1.10/bin/../lib/gcc/arm-none-eabi/10.3.1/../../../../arm-none-eabi/lib/thumb/v6-m/nofp\libnosys.a
END GROUP
LOAD c:/progra~2/gnuarm~1/102021~1.10/bin/../lib/gcc/arm-none-eabi/10.3.1/thumb/v6-m/nofp/crtend.o
LOAD c:/progra~2/gnuarm~1/102021~1.10/bin/../lib/gcc/arm-none-eabi/10.3.1/thumb/v6-m/nofp/crtn.o
OUTPUT(picoSpi.elf elf32-littlearm)
LOAD linker stubs

.ARM.attributes
                0x00000000       0x28
 .ARM.attributes
                0x00000000       0x1e c:/progra~2/gnuarm~1/102021~1.10/bin/../lib/gcc/arm-none-eabi/10.3.1/thumb/v6-m/nofp/crti.o
 .ARM.attributes
                0x0000001e       0x2c c:/progra~2/gnuarm~1/102021~1.10/bin/../lib/gcc/arm-none-eabi/10.3.1/thumb/v6-m/nofp/crtbegin.o
 .ARM.attributes
                0x0000004a       0x2c CMakeFiles/picoSpi.dir/picoSpi.c.obj
 .ARM.attributes
                0x00000076       0x2c CMakeFiles/picoSpi.dir/LPS25HB.c.obj
 .ARM.attributes
                0x000000a2       0x2c CMakeFiles/picoSpi.dir/C_/Users/m3925/Documents/Pico/pico-sdk/src/rp2_common/hardware_gpio/gpio.c.obj
 .ARM.attributes
                0x000000ce       0x2c CMakeFiles/picoSpi.dir/C_/Users/m3925/Documents/Pico/pico-sdk/src/rp2_common/hardware_claim/claim.c.obj
 .ARM.attributes
                0x000000fa       0x2c CMakeFiles/picoSpi.dir/C_/Users/m3925/Documents/Pico/pico-sdk/src/rp2_common/pico_platform/platform.c.obj
 .ARM.attributes
                0x00000126       0x2c CMakeFiles/picoSpi.dir/C_/Users/m3925/Documents/Pico/pico-sdk/src/rp2_common/hardware_sync/sync.c.obj
 .ARM.attributes
                0x00000152       0x2c CMakeFiles/picoSpi.dir/C_/Users/m3925/Documents/Pico/pico-sdk/src/rp2_common/hardware_irq/irq.c.obj
 .ARM.attributes
                0x0000017e       0x22 CMakeFiles/picoSpi.dir/C_/Users/m3925/Documents/Pico/pico-sdk/src/rp2_common/hardware_irq/irq_handler_chain.S.obj
 .ARM.attributes
                0x000001a0       0x2c CMakeFiles/picoSpi.dir/C_/Users/m3925/Documents/Pico/pico-sdk/src/common/pico_sync/lock_core.c.obj
 .ARM.attributes
                0x000001cc       0x2c CMakeFiles/picoSpi.dir/C_/Users/m3925/Documents/Pico/pico-sdk/src/common/pico_time/time.c.obj
 .ARM.attributes
                0x000001f8       0x2c CMakeFiles/picoSpi.dir/C_/Users/m3925/Documents/Pico/pico-sdk/src/rp2_common/hardware_timer/timer.c.obj
 .ARM.attributes
                0x00000224       0x2c CMakeFiles/picoSpi.dir/C_/Users/m3925/Documents/Pico/pico-sdk/src/common/pico_util/pheap.c.obj
 .ARM.attributes
                0x00000250       0x2c CMakeFiles/picoSpi.dir/C_/Users/m3925/Documents/Pico/pico-sdk/src/common/pico_sync/mutex.c.obj
 .ARM.attributes
                0x0000027c       0x2c CMakeFiles/picoSpi.dir/C_/Users/m3925/Documents/Pico/pico-sdk/src/rp2_common/hardware_uart/uart.c.obj
 .ARM.attributes
                0x000002a8       0x2c CMakeFiles/picoSpi.dir/C_/Users/m3925/Documents/Pico/pico-sdk/src/rp2_common/pico_runtime/runtime.c.obj
 .ARM.attributes
                0x000002d4       0x2c CMakeFiles/picoSpi.dir/C_/Users/m3925/Documents/Pico/pico-sdk/src/rp2_common/hardware_clocks/clocks.c.obj
 .ARM.attributes
                0x00000300       0x2c CMakeFiles/picoSpi.dir/C_/Users/m3925/Documents/Pico/pico-sdk/src/rp2_common/hardware_pll/pll.c.obj
 .ARM.attributes
                0x0000032c       0x2c CMakeFiles/picoSpi.dir/C_/Users/m3925/Documents/Pico/pico-sdk/src/rp2_common/hardware_watchdog/watchdog.c.obj
 .ARM.attributes
                0x00000358       0x2c CMakeFiles/picoSpi.dir/C_/Users/m3925/Documents/Pico/pico-sdk/src/rp2_common/hardware_xosc/xosc.c.obj
 .ARM.attributes
                0x00000384       0x2c CMakeFiles/picoSpi.dir/C_/Users/m3925/Documents/Pico/pico-sdk/src/rp2_common/pico_printf/printf.c.obj
 .ARM.attributes
                0x000003b0       0x22 CMakeFiles/picoSpi.dir/C_/Users/m3925/Documents/Pico/pico-sdk/src/rp2_common/pico_bit_ops/bit_ops_aeabi.S.obj
 .ARM.attributes
                0x000003d2       0x2c CMakeFiles/picoSpi.dir/C_/Users/m3925/Documents/Pico/pico-sdk/src/rp2_common/pico_bootrom/bootrom.c.obj
 .ARM.attributes
                0x000003fe       0x22 CMakeFiles/picoSpi.dir/C_/Users/m3925/Documents/Pico/pico-sdk/src/rp2_common/pico_divider/divider.S.obj
 .ARM.attributes
                0x00000420       0x22 CMakeFiles/picoSpi.dir/C_/Users/m3925/Documents/Pico/pico-sdk/src/rp2_common/pico_double/double_aeabi.S.obj
 .ARM.attributes
                0x00000442       0x2c CMakeFiles/picoSpi.dir/C_/Users/m3925/Documents/Pico/pico-sdk/src/rp2_common/pico_double/double_init_rom.c.obj
 .ARM.attributes
                0x0000046e       0x22 CMakeFiles/picoSpi.dir/C_/Users/m3925/Documents/Pico/pico-sdk/src/rp2_common/pico_double/double_v1_rom_shim.S.obj
 .ARM.attributes
                0x00000490       0x22 CMakeFiles/picoSpi.dir/C_/Users/m3925/Documents/Pico/pico-sdk/src/rp2_common/pico_int64_ops/pico_int64_ops_aeabi.S.obj
 .ARM.attributes
                0x000004b2       0x22 CMakeFiles/picoSpi.dir/C_/Users/m3925/Documents/Pico/pico-sdk/src/rp2_common/pico_float/float_aeabi.S.obj
 .ARM.attributes
                0x000004d4       0x2c CMakeFiles/picoSpi.dir/C_/Users/m3925/Documents/Pico/pico-sdk/src/rp2_common/pico_float/float_init_rom.c.obj
 .ARM.attributes
                0x00000500       0x22 CMakeFiles/picoSpi.dir/C_/Users/m3925/Documents/Pico/pico-sdk/src/rp2_common/pico_float/float_v1_rom_shim.S.obj
 .ARM.attributes
                0x00000522       0x22 CMakeFiles/picoSpi.dir/C_/Users/m3925/Documents/Pico/pico-sdk/src/rp2_common/pico_mem_ops/mem_ops_aeabi.S.obj
 .ARM.attributes
                0x00000544       0x22 CMakeFiles/picoSpi.dir/C_/Users/m3925/Documents/Pico/pico-sdk/src/rp2_common/pico_standard_link/crt0.S.obj
 .ARM.attributes
                0x00000566       0x2c CMakeFiles/picoSpi.dir/C_/Users/m3925/Documents/Pico/pico-sdk/src/rp2_common/pico_standard_link/binary_info.c.obj
 .ARM.attributes
                0x00000592       0x2c CMakeFiles/picoSpi.dir/C_/Users/m3925/Documents/Pico/pico-sdk/src/rp2_common/pico_stdio/stdio.c.obj
 .ARM.attributes
                0x000005be       0x2c CMakeFiles/picoSpi.dir/C_/Users/m3925/Documents/Pico/pico-sdk/src/rp2_common/pico_stdio_uart/stdio_uart.c.obj
 .ARM.attributes
                0x000005ea       0x2c CMakeFiles/picoSpi.dir/C_/Users/m3925/Documents/Pico/pico-sdk/src/rp2_common/hardware_spi/spi.c.obj
 .ARM.attributes
                0x00000616       0x22 C:\Users\m3925\AppData\Local\Temp\ccWZN6pX.o
 .ARM.attributes
                0x00000638       0x1e c:/progra~2/gnuarm~1/102021~1.10/bin/../lib/gcc/arm-none-eabi/10.3.1/thumb/v6-m/nofp\libgcc.a(_dvmd_tls.o)
 .ARM.attributes
                0x00000656       0x2c c:/progra~2/gnuarm~1/102021~1.10/bin/../lib/gcc/arm-none-eabi/10.3.1/../../../../arm-none-eabi/lib/thumb/v6-m/nofp\libg.a(lib_a-strlen-stub.o)

.comment        0x00000000       0x49
 .comment       0x00000000       0x49 CMakeFiles/picoSpi.dir/picoSpi.c.obj
                                 0x4a (size before relaxing)
 .comment       0x00000049       0x4a CMakeFiles/picoSpi.dir/LPS25HB.c.obj
 .comment       0x00000049       0x4a CMakeFiles/picoSpi.dir/C_/Users/m3925/Documents/Pico/pico-sdk/src/rp2_common/hardware_gpio/gpio.c.obj
 .comment       0x00000049       0x4a CMakeFiles/picoSpi.dir/C_/Users/m3925/Documents/Pico/pico-sdk/src/rp2_common/hardware_claim/claim.c.obj
 .comment       0x00000049       0x4a CMakeFiles/picoSpi.dir/C_/Users/m3925/Documents/Pico/pico-sdk/src/rp2_common/pico_platform/platform.c.obj
 .comment       0x00000049       0x4a CMakeFiles/picoSpi.dir/C_/Users/m3925/Documents/Pico/pico-sdk/src/rp2_common/hardware_sync/sync.c.obj
 .comment       0x00000049       0x4a CMakeFiles/picoSpi.dir/C_/Users/m3925/Documents/Pico/pico-sdk/src/rp2_common/hardware_irq/irq.c.obj
 .comment       0x00000049       0x4a CMakeFiles/picoSpi.dir/C_/Users/m3925/Documents/Pico/pico-sdk/src/common/pico_sync/lock_core.c.obj
 .comment       0x00000049       0x4a CMakeFiles/picoSpi.dir/C_/Users/m3925/Documents/Pico/pico-sdk/src/common/pico_time/time.c.obj
 .comment       0x00000049       0x4a CMakeFiles/picoSpi.dir/C_/Users/m3925/Documents/Pico/pico-sdk/src/rp2_common/hardware_timer/timer.c.obj
 .comment       0x00000049       0x4a CMakeFiles/picoSpi.dir/C_/Users/m3925/Documents/Pico/pico-sdk/src/common/pico_util/pheap.c.obj
 .comment       0x00000049       0x4a CMakeFiles/picoSpi.dir/C_/Users/m3925/Documents/Pico/pico-sdk/src/common/pico_sync/mutex.c.obj
 .comment       0x00000049       0x4a CMakeFiles/picoSpi.dir/C_/Users/m3925/Documents/Pico/pico-sdk/src/rp2_common/hardware_uart/uart.c.obj
 .comment       0x00000049       0x4a CMakeFiles/picoSpi.dir/C_/Users/m3925/Documents/Pico/pico-sdk/src/rp2_common/pico_runtime/runtime.c.obj
 .comment       0x00000049       0x4a CMakeFiles/picoSpi.dir/C_/Users/m3925/Documents/Pico/pico-sdk/src/rp2_common/hardware_clocks/clocks.c.obj
 .comment       0x00000049       0x4a CMakeFiles/picoSpi.dir/C_/Users/m3925/Documents/Pico/pico-sdk/src/rp2_common/hardware_pll/pll.c.obj
 .comment       0x00000049       0x4a CMakeFiles/picoSpi.dir/C_/Users/m3925/Documents/Pico/pico-sdk/src/rp2_common/hardware_watchdog/watchdog.c.obj
 .comment       0x00000049       0x4a CMakeFiles/picoSpi.dir/C_/Users/m3925/Documents/Pico/pico-sdk/src/rp2_common/hardware_xosc/xosc.c.obj
 .comment       0x00000049       0x4a CMakeFiles/picoSpi.dir/C_/Users/m3925/Documents/Pico/pico-sdk/src/rp2_common/pico_printf/printf.c.obj
 .comment       0x00000049       0x4a CMakeFiles/picoSpi.dir/C_/Users/m3925/Documents/Pico/pico-sdk/src/rp2_common/pico_bootrom/bootrom.c.obj
 .comment       0x00000049       0x4a CMakeFiles/picoSpi.dir/C_/Users/m3925/Documents/Pico/pico-sdk/src/rp2_common/pico_double/double_init_rom.c.obj
 .comment       0x00000049       0x4a CMakeFiles/picoSpi.dir/C_/Users/m3925/Documents/Pico/pico-sdk/src/rp2_common/pico_float/float_init_rom.c.obj
 .comment       0x00000049       0x4a CMakeFiles/picoSpi.dir/C_/Users/m3925/Documents/Pico/pico-sdk/src/rp2_common/pico_standard_link/binary_info.c.obj
 .comment       0x00000049       0x4a CMakeFiles/picoSpi.dir/C_/Users/m3925/Documents/Pico/pico-sdk/src/rp2_common/pico_stdio/stdio.c.obj
 .comment       0x00000049       0x4a CMakeFiles/picoSpi.dir/C_/Users/m3925/Documents/Pico/pico-sdk/src/rp2_common/pico_stdio_uart/stdio_uart.c.obj
 .comment       0x00000049       0x4a CMakeFiles/picoSpi.dir/C_/Users/m3925/Documents/Pico/pico-sdk/src/rp2_common/hardware_spi/spi.c.obj

.debug_info     0x00000000    0x15f37
 .debug_info    0x00000000      0xcc7 CMakeFiles/picoSpi.dir/picoSpi.c.obj
 .debug_info    0x00000cc7      0x883 CMakeFiles/picoSpi.dir/LPS25HB.c.obj
 .debug_info    0x0000154a     0x16d7 CMakeFiles/picoSpi.dir/C_/Users/m3925/Documents/Pico/pico-sdk/src/rp2_common/hardware_gpio/gpio.c.obj
 .debug_info    0x00002c21      0x6bb CMakeFiles/picoSpi.dir/C_/Users/m3925/Documents/Pico/pico-sdk/src/rp2_common/hardware_claim/claim.c.obj
 .debug_info    0x000032dc      0x1e3 CMakeFiles/picoSpi.dir/C_/Users/m3925/Documents/Pico/pico-sdk/src/rp2_common/pico_platform/platform.c.obj
 .debug_info    0x000034bf      0x58e CMakeFiles/picoSpi.dir/C_/Users/m3925/Documents/Pico/pico-sdk/src/rp2_common/hardware_sync/sync.c.obj
 .debug_info    0x00003a4d     0x1c49 CMakeFiles/picoSpi.dir/C_/Users/m3925/Documents/Pico/pico-sdk/src/rp2_common/hardware_irq/irq.c.obj
 .debug_info    0x00005696      0x1a4 CMakeFiles/picoSpi.dir/C_/Users/m3925/Documents/Pico/pico-sdk/src/common/pico_sync/lock_core.c.obj
 .debug_info    0x0000583a     0x3b3b CMakeFiles/picoSpi.dir/C_/Users/m3925/Documents/Pico/pico-sdk/src/common/pico_time/time.c.obj
 .debug_info    0x00009375     0x1134 CMakeFiles/picoSpi.dir/C_/Users/m3925/Documents/Pico/pico-sdk/src/rp2_common/hardware_timer/timer.c.obj
 .debug_info    0x0000a4a9     0x120c CMakeFiles/picoSpi.dir/C_/Users/m3925/Documents/Pico/pico-sdk/src/common/pico_util/pheap.c.obj
 .debug_info    0x0000b6b5     0x2022 CMakeFiles/picoSpi.dir/C_/Users/m3925/Documents/Pico/pico-sdk/src/common/pico_sync/mutex.c.obj
 .debug_info    0x0000d6d7      0xb65 CMakeFiles/picoSpi.dir/C_/Users/m3925/Documents/Pico/pico-sdk/src/rp2_common/hardware_uart/uart.c.obj
 .debug_info    0x0000e23c      0xa87 CMakeFiles/picoSpi.dir/C_/Users/m3925/Documents/Pico/pico-sdk/src/rp2_common/pico_runtime/runtime.c.obj
 .debug_info    0x0000ecc3      0xf63 CMakeFiles/picoSpi.dir/C_/Users/m3925/Documents/Pico/pico-sdk/src/rp2_common/hardware_clocks/clocks.c.obj
 .debug_info    0x0000fc26      0x54a CMakeFiles/picoSpi.dir/C_/Users/m3925/Documents/Pico/pico-sdk/src/rp2_common/hardware_pll/pll.c.obj
 .debug_info    0x00010170      0x4ee CMakeFiles/picoSpi.dir/C_/Users/m3925/Documents/Pico/pico-sdk/src/rp2_common/hardware_watchdog/watchdog.c.obj
 .debug_info    0x0001065e      0x1d8 CMakeFiles/picoSpi.dir/C_/Users/m3925/Documents/Pico/pico-sdk/src/rp2_common/hardware_xosc/xosc.c.obj
 .debug_info    0x00010836     0x1a5f CMakeFiles/picoSpi.dir/C_/Users/m3925/Documents/Pico/pico-sdk/src/rp2_common/pico_printf/printf.c.obj
 .debug_info    0x00012295       0x22 CMakeFiles/picoSpi.dir/C_/Users/m3925/Documents/Pico/pico-sdk/src/rp2_common/pico_bit_ops/bit_ops_aeabi.S.obj
 .debug_info    0x000122b7      0x27c CMakeFiles/picoSpi.dir/C_/Users/m3925/Documents/Pico/pico-sdk/src/rp2_common/pico_bootrom/bootrom.c.obj
 .debug_info    0x00012533       0x22 CMakeFiles/picoSpi.dir/C_/Users/m3925/Documents/Pico/pico-sdk/src/rp2_common/pico_divider/divider.S.obj
 .debug_info    0x00012555       0x22 CMakeFiles/picoSpi.dir/C_/Users/m3925/Documents/Pico/pico-sdk/src/rp2_common/pico_double/double_aeabi.S.obj
 .debug_info    0x00012577      0x2d1 CMakeFiles/picoSpi.dir/C_/Users/m3925/Documents/Pico/pico-sdk/src/rp2_common/pico_double/double_init_rom.c.obj
 .debug_info    0x00012848       0x22 CMakeFiles/picoSpi.dir/C_/Users/m3925/Documents/Pico/pico-sdk/src/rp2_common/pico_double/double_v1_rom_shim.S.obj
 .debug_info    0x0001286a       0x26 CMakeFiles/picoSpi.dir/C_/Users/m3925/Documents/Pico/pico-sdk/src/rp2_common/pico_int64_ops/pico_int64_ops_aeabi.S.obj
 .debug_info    0x00012890       0x22 CMakeFiles/picoSpi.dir/C_/Users/m3925/Documents/Pico/pico-sdk/src/rp2_common/pico_float/float_aeabi.S.obj
 .debug_info    0x000128b2      0x2eb CMakeFiles/picoSpi.dir/C_/Users/m3925/Documents/Pico/pico-sdk/src/rp2_common/pico_float/float_init_rom.c.obj
 .debug_info    0x00012b9d       0x22 CMakeFiles/picoSpi.dir/C_/Users/m3925/Documents/Pico/pico-sdk/src/rp2_common/pico_float/float_v1_rom_shim.S.obj
 .debug_info    0x00012bbf       0x22 CMakeFiles/picoSpi.dir/C_/Users/m3925/Documents/Pico/pico-sdk/src/rp2_common/pico_mem_ops/mem_ops_aeabi.S.obj
 .debug_info    0x00012be1       0x22 CMakeFiles/picoSpi.dir/C_/Users/m3925/Documents/Pico/pico-sdk/src/rp2_common/pico_standard_link/crt0.S.obj
 .debug_info    0x00012c03      0x327 CMakeFiles/picoSpi.dir/C_/Users/m3925/Documents/Pico/pico-sdk/src/rp2_common/pico_standard_link/binary_info.c.obj
 .debug_info    0x00012f2a     0x12ee CMakeFiles/picoSpi.dir/C_/Users/m3925/Documents/Pico/pico-sdk/src/rp2_common/pico_stdio/stdio.c.obj
 .debug_info    0x00014218      0xc57 CMakeFiles/picoSpi.dir/C_/Users/m3925/Documents/Pico/pico-sdk/src/rp2_common/pico_stdio_uart/stdio_uart.c.obj
 .debug_info    0x00014e6f     0x10c8 CMakeFiles/picoSpi.dir/C_/Users/m3925/Documents/Pico/pico-sdk/src/rp2_common/hardware_spi/spi.c.obj

.debug_abbrev   0x00000000     0x455a
 .debug_abbrev  0x00000000      0x274 CMakeFiles/picoSpi.dir/picoSpi.c.obj
 .debug_abbrev  0x00000274      0x217 CMakeFiles/picoSpi.dir/LPS25HB.c.obj
 .debug_abbrev  0x0000048b      0x326 CMakeFiles/picoSpi.dir/C_/Users/m3925/Documents/Pico/pico-sdk/src/rp2_common/hardware_gpio/gpio.c.obj
 .debug_abbrev  0x000007b1      0x2e9 CMakeFiles/picoSpi.dir/C_/Users/m3925/Documents/Pico/pico-sdk/src/rp2_common/hardware_claim/claim.c.obj
 .debug_abbrev  0x00000a9a       0xeb CMakeFiles/picoSpi.dir/C_/Users/m3925/Documents/Pico/pico-sdk/src/rp2_common/pico_platform/platform.c.obj
 .debug_abbrev  0x00000b85      0x21b CMakeFiles/picoSpi.dir/C_/Users/m3925/Documents/Pico/pico-sdk/src/rp2_common/hardware_sync/sync.c.obj
 .debug_abbrev  0x00000da0      0x4fc CMakeFiles/picoSpi.dir/C_/Users/m3925/Documents/Pico/pico-sdk/src/rp2_common/hardware_irq/irq.c.obj
 .debug_abbrev  0x0000129c      0x116 CMakeFiles/picoSpi.dir/C_/Users/m3925/Documents/Pico/pico-sdk/src/common/pico_sync/lock_core.c.obj
 .debug_abbrev  0x000013b2      0x54d CMakeFiles/picoSpi.dir/C_/Users/m3925/Documents/Pico/pico-sdk/src/common/pico_time/time.c.obj
 .debug_abbrev  0x000018ff      0x3a2 CMakeFiles/picoSpi.dir/C_/Users/m3925/Documents/Pico/pico-sdk/src/rp2_common/hardware_timer/timer.c.obj
 .debug_abbrev  0x00001ca1      0x297 CMakeFiles/picoSpi.dir/C_/Users/m3925/Documents/Pico/pico-sdk/src/common/pico_util/pheap.c.obj
 .debug_abbrev  0x00001f38      0x386 CMakeFiles/picoSpi.dir/C_/Users/m3925/Documents/Pico/pico-sdk/src/common/pico_sync/mutex.c.obj
 .debug_abbrev  0x000022be      0x2d2 CMakeFiles/picoSpi.dir/C_/Users/m3925/Documents/Pico/pico-sdk/src/rp2_common/hardware_uart/uart.c.obj
 .debug_abbrev  0x00002590      0x3aa CMakeFiles/picoSpi.dir/C_/Users/m3925/Documents/Pico/pico-sdk/src/rp2_common/pico_runtime/runtime.c.obj
 .debug_abbrev  0x0000293a      0x3a5 CMakeFiles/picoSpi.dir/C_/Users/m3925/Documents/Pico/pico-sdk/src/rp2_common/hardware_clocks/clocks.c.obj
 .debug_abbrev  0x00002cdf      0x1ea CMakeFiles/picoSpi.dir/C_/Users/m3925/Documents/Pico/pico-sdk/src/rp2_common/hardware_pll/pll.c.obj
 .debug_abbrev  0x00002ec9      0x1a8 CMakeFiles/picoSpi.dir/C_/Users/m3925/Documents/Pico/pico-sdk/src/rp2_common/hardware_watchdog/watchdog.c.obj
 .debug_abbrev  0x00003071      0x109 CMakeFiles/picoSpi.dir/C_/Users/m3925/Documents/Pico/pico-sdk/src/rp2_common/hardware_xosc/xosc.c.obj
 .debug_abbrev  0x0000317a      0x384 CMakeFiles/picoSpi.dir/C_/Users/m3925/Documents/Pico/pico-sdk/src/rp2_common/pico_printf/printf.c.obj
 .debug_abbrev  0x000034fe       0x12 CMakeFiles/picoSpi.dir/C_/Users/m3925/Documents/Pico/pico-sdk/src/rp2_common/pico_bit_ops/bit_ops_aeabi.S.obj
 .debug_abbrev  0x00003510      0x13b CMakeFiles/picoSpi.dir/C_/Users/m3925/Documents/Pico/pico-sdk/src/rp2_common/pico_bootrom/bootrom.c.obj
 .debug_abbrev  0x0000364b       0x12 CMakeFiles/picoSpi.dir/C_/Users/m3925/Documents/Pico/pico-sdk/src/rp2_common/pico_divider/divider.S.obj
 .debug_abbrev  0x0000365d       0x12 CMakeFiles/picoSpi.dir/C_/Users/m3925/Documents/Pico/pico-sdk/src/rp2_common/pico_double/double_aeabi.S.obj
 .debug_abbrev  0x0000366f      0x179 CMakeFiles/picoSpi.dir/C_/Users/m3925/Documents/Pico/pico-sdk/src/rp2_common/pico_double/double_init_rom.c.obj
 .debug_abbrev  0x000037e8       0x12 CMakeFiles/picoSpi.dir/C_/Users/m3925/Documents/Pico/pico-sdk/src/rp2_common/pico_double/double_v1_rom_shim.S.obj
 .debug_abbrev  0x000037fa       0x14 CMakeFiles/picoSpi.dir/C_/Users/m3925/Documents/Pico/pico-sdk/src/rp2_common/pico_int64_ops/pico_int64_ops_aeabi.S.obj
 .debug_abbrev  0x0000380e       0x12 CMakeFiles/picoSpi.dir/C_/Users/m3925/Documents/Pico/pico-sdk/src/rp2_common/pico_float/float_aeabi.S.obj
 .debug_abbrev  0x00003820      0x18c CMakeFiles/picoSpi.dir/C_/Users/m3925/Documents/Pico/pico-sdk/src/rp2_common/pico_float/float_init_rom.c.obj
 .debug_abbrev  0x000039ac       0x12 CMakeFiles/picoSpi.dir/C_/Users/m3925/Documents/Pico/pico-sdk/src/rp2_common/pico_float/float_v1_rom_shim.S.obj
 .debug_abbrev  0x000039be       0x12 CMakeFiles/picoSpi.dir/C_/Users/m3925/Documents/Pico/pico-sdk/src/rp2_common/pico_mem_ops/mem_ops_aeabi.S.obj
 .debug_abbrev  0x000039d0       0x12 CMakeFiles/picoSpi.dir/C_/Users/m3925/Documents/Pico/pico-sdk/src/rp2_common/pico_standard_link/crt0.S.obj
 .debug_abbrev  0x000039e2       0xad CMakeFiles/picoSpi.dir/C_/Users/m3925/Documents/Pico/pico-sdk/src/rp2_common/pico_standard_link/binary_info.c.obj
 .debug_abbrev  0x00003a8f      0x4a9 CMakeFiles/picoSpi.dir/C_/Users/m3925/Documents/Pico/pico-sdk/src/rp2_common/pico_stdio/stdio.c.obj
 .debug_abbrev  0x00003f38      0x373 CMakeFiles/picoSpi.dir/C_/Users/m3925/Documents/Pico/pico-sdk/src/rp2_common/pico_stdio_uart/stdio_uart.c.obj
 .debug_abbrev  0x000042ab      0x2af CMakeFiles/picoSpi.dir/C_/Users/m3925/Documents/Pico/pico-sdk/src/rp2_common/hardware_spi/spi.c.obj

.debug_loc      0x00000000     0xea21
 .debug_loc     0x00000000      0x31c CMakeFiles/picoSpi.dir/picoSpi.c.obj
 .debug_loc     0x0000031c      0x415 CMakeFiles/picoSpi.dir/LPS25HB.c.obj
 .debug_loc     0x00000731     0x118d CMakeFiles/picoSpi.dir/C_/Users/m3925/Documents/Pico/pico-sdk/src/rp2_common/hardware_gpio/gpio.c.obj
 .debug_loc     0x000018be      0x45f CMakeFiles/picoSpi.dir/C_/Users/m3925/Documents/Pico/pico-sdk/src/rp2_common/hardware_claim/claim.c.obj
 .debug_loc     0x00001d1d       0xe9 CMakeFiles/picoSpi.dir/C_/Users/m3925/Documents/Pico/pico-sdk/src/rp2_common/pico_platform/platform.c.obj
 .debug_loc     0x00001e06      0x233 CMakeFiles/picoSpi.dir/C_/Users/m3925/Documents/Pico/pico-sdk/src/rp2_common/hardware_sync/sync.c.obj
 .debug_loc     0x00002039     0x1365 CMakeFiles/picoSpi.dir/C_/Users/m3925/Documents/Pico/pico-sdk/src/rp2_common/hardware_irq/irq.c.obj
 .debug_loc     0x0000339e       0x60 CMakeFiles/picoSpi.dir/C_/Users/m3925/Documents/Pico/pico-sdk/src/common/pico_sync/lock_core.c.obj
 .debug_loc     0x000033fe     0x2e2a CMakeFiles/picoSpi.dir/C_/Users/m3925/Documents/Pico/pico-sdk/src/common/pico_time/time.c.obj
 .debug_loc     0x00006228      0x952 CMakeFiles/picoSpi.dir/C_/Users/m3925/Documents/Pico/pico-sdk/src/rp2_common/hardware_timer/timer.c.obj
 .debug_loc     0x00006b7a     0x1439 CMakeFiles/picoSpi.dir/C_/Users/m3925/Documents/Pico/pico-sdk/src/common/pico_util/pheap.c.obj
 .debug_loc     0x00007fb3     0x1469 CMakeFiles/picoSpi.dir/C_/Users/m3925/Documents/Pico/pico-sdk/src/common/pico_sync/mutex.c.obj
 .debug_loc     0x0000941c      0x520 CMakeFiles/picoSpi.dir/C_/Users/m3925/Documents/Pico/pico-sdk/src/rp2_common/hardware_uart/uart.c.obj
 .debug_loc     0x0000993c      0x3f0 CMakeFiles/picoSpi.dir/C_/Users/m3925/Documents/Pico/pico-sdk/src/rp2_common/pico_runtime/runtime.c.obj
 .debug_loc     0x00009d2c      0x7eb CMakeFiles/picoSpi.dir/C_/Users/m3925/Documents/Pico/pico-sdk/src/rp2_common/hardware_clocks/clocks.c.obj
 .debug_loc     0x0000a517      0x32f CMakeFiles/picoSpi.dir/C_/Users/m3925/Documents/Pico/pico-sdk/src/rp2_common/hardware_pll/pll.c.obj
 .debug_loc     0x0000a846      0x2ec CMakeFiles/picoSpi.dir/C_/Users/m3925/Documents/Pico/pico-sdk/src/rp2_common/hardware_watchdog/watchdog.c.obj
 .debug_loc     0x0000ab32       0x71 CMakeFiles/picoSpi.dir/C_/Users/m3925/Documents/Pico/pico-sdk/src/rp2_common/hardware_xosc/xosc.c.obj
 .debug_loc     0x0000aba3     0x2095 CMakeFiles/picoSpi.dir/C_/Users/m3925/Documents/Pico/pico-sdk/src/rp2_common/pico_printf/printf.c.obj
 .debug_loc     0x0000cc38      0x1a1 CMakeFiles/picoSpi.dir/C_/Users/m3925/Documents/Pico/pico-sdk/src/rp2_common/pico_bootrom/bootrom.c.obj
 .debug_loc     0x0000cdd9       0x59 CMakeFiles/picoSpi.dir/C_/Users/m3925/Documents/Pico/pico-sdk/src/rp2_common/pico_double/double_init_rom.c.obj
 .debug_loc     0x0000ce32       0x73 CMakeFiles/picoSpi.dir/C_/Users/m3925/Documents/Pico/pico-sdk/src/rp2_common/pico_float/float_init_rom.c.obj
 .debug_loc     0x0000cea5      0xb7b CMakeFiles/picoSpi.dir/C_/Users/m3925/Documents/Pico/pico-sdk/src/rp2_common/pico_stdio/stdio.c.obj
 .debug_loc     0x0000da20      0x54c CMakeFiles/picoSpi.dir/C_/Users/m3925/Documents/Pico/pico-sdk/src/rp2_common/pico_stdio_uart/stdio_uart.c.obj
 .debug_loc     0x0000df6c      0xab5 CMakeFiles/picoSpi.dir/C_/Users/m3925/Documents/Pico/pico-sdk/src/rp2_common/hardware_spi/spi.c.obj

.debug_aranges  0x00000000      0xe50
 .debug_aranges
                0x00000000       0x20 CMakeFiles/picoSpi.dir/picoSpi.c.obj
 .debug_aranges
                0x00000020       0x30 CMakeFiles/picoSpi.dir/LPS25HB.c.obj
 .debug_aranges